<html>
<body>
<pre>
<h1>µVision Build Log</h1>
<h2>Project:</h2>
C:\Users\a\Desktop\project_1\project\project.uvproj
Project File Date:  06/11/2018

<h2>Output:</h2>
Build target 'Target 1'
assembling startup_stm32f4xx.s...
compiling main.c...
..\user\main.c(104): warning:  #188-D: enumerated type mixed with another type
compiling delay.c...
..\user\delay.c(13): warning:  #223-D: function "xPortSysTickHandler" declared implicitly
compiling Nokia_lcd.c...
..\user\Nokia_lcd.c(118): warning:  #188-D: enumerated type mixed with another type
..\user\Nokia_lcd.c(119): warning:  #188-D: enumerated type mixed with another type
..\user\Nokia_lcd.c(121): warning:  #188-D: enumerated type mixed with another type
..\user\Nokia_lcd.c(124): warning:  #188-D: enumerated type mixed with another type
..\user\Nokia_lcd.c(126): warning:  #188-D: enumerated type mixed with another type
..\user\Nokia_lcd.c(139): warning:  #188-D: enumerated type mixed with another type
..\user\Nokia_lcd.c(140): warning:  #188-D: enumerated type mixed with another type
..\user\Nokia_lcd.c(143): warning:  #188-D: enumerated type mixed with another type
..\user\Nokia_lcd.c(145): warning:  #188-D: enumerated type mixed with another type
..\user\Nokia_lcd.c(147): warning:  #188-D: enumerated type mixed with another type
..\user\Nokia_lcd.c(149): warning:  #188-D: enumerated type mixed with another type
..\user\Nokia_lcd.c(151): warning:  #188-D: enumerated type mixed with another type
..\user\Nokia_lcd.c(208): warning:  #1-D: last line of file ends without a newline
..\user\Nokia_lcd.c(184): warning:  #177-D: variable "j" was declared but never referenced
compiling time3.c...
compiling adc1.c...
..\user\adc1.c(53): warning:  #1-D: last line of file ends without a newline
compiling led.c...
compiling stm32f4xx_gpio.c...
compiling stm32f4xx_rcc.c...
compiling stm32f4xx_it.c...
compiling misc.c...
compiling stm32f4xx_tim.c...
compiling stm32f4xx_adc.c...
compiling system_stm32f4xx.c...
compiling croutine.c...
compiling event_groups.c...
compiling list.c...
compiling queue.c...
compiling stream_buffer.c...
compiling tasks.c...
compiling timers.c...
compiling port.c...
compiling heap_4.c...
linking...
Program Size: Code=23020 RO-data=424 RW-data=752 ZI-data=78128  
FromELF: creating hex file...
After Build - User command #1: fromelf --bin --output .\bin\∫¬”¿…Ω_20170322.bin  .\GPIO_PRO.axf
".\GPIO_PRO.axf": Error: Q0122E: Could not open file '.\GPIO_PRO.axf': No such file or directory
Finished: 0 information, 0 warning and 1 error messages.
"..\output\Project.axf" - 0 Errors, 17 Warning(s).
Build target 'Target 1'
assembling startup_stm32f4xx.s...
compiling main.c...
..\user\main.c(104): warning:  #188-D: enumerated type mixed with another type
compiling delay.c...
..\user\delay.c(13): warning:  #223-D: function "xPortSysTickHandler" declared implicitly
compiling Nokia_lcd.c...
..\user\Nokia_lcd.c(118): warning:  #188-D: enumerated type mixed with another type
..\user\Nokia_lcd.c(119): warning:  #188-D: enumerated type mixed with another type
..\user\Nokia_lcd.c(121): warning:  #188-D: enumerated type mixed with another type
..\user\Nokia_lcd.c(124): warning:  #188-D: enumerated type mixed with another type
..\user\Nokia_lcd.c(126): warning:  #188-D: enumerated type mixed with another type
..\user\Nokia_lcd.c(139): warning:  #188-D: enumerated type mixed with another type
..\user\Nokia_lcd.c(140): warning:  #188-D: enumerated type mixed with another type
..\user\Nokia_lcd.c(143): warning:  #188-D: enumerated type mixed with another type
..\user\Nokia_lcd.c(145): warning:  #188-D: enumerated type mixed with another type
..\user\Nokia_lcd.c(147): warning:  #188-D: enumerated type mixed with another type
..\user\Nokia_lcd.c(149): warning:  #188-D: enumerated type mixed with another type
..\user\Nokia_lcd.c(151): warning:  #188-D: enumerated type mixed with another type
..\user\Nokia_lcd.c(208): warning:  #1-D: last line of file ends without a newline
..\user\Nokia_lcd.c(184): warning:  #177-D: variable "j" was declared but never referenced
compiling time3.c...
compiling adc1.c...
..\user\adc1.c(53): warning:  #1-D: last line of file ends without a newline
compiling led.c...
compiling stm32f4xx_gpio.c...
compiling stm32f4xx_rcc.c...
compiling stm32f4xx_it.c...
compiling misc.c...
compiling stm32f4xx_tim.c...
compiling stm32f4xx_adc.c...
compiling system_stm32f4xx.c...
compiling croutine.c...
compiling event_groups.c...
compiling list.c...
compiling queue.c...
compiling stream_buffer.c...
compiling tasks.c...
compiling timers.c...
compiling port.c...
compiling heap_4.c...
linking...
Program Size: Code=23020 RO-data=424 RW-data=752 ZI-data=78128  
FromELF: creating hex file...
After Build - User command #1: fromelf --bin --output .\bin\∫¬”¿…Ω_20170322.bin  .\Project.axf
".\Project.axf": Error: Q0122E: Could not open file '.\Project.axf': No such file or directory
Finished: 0 information, 0 warning and 1 error messages.
"..\output\Project.axf" - 0 Errors, 17 Warning(s).
Build target 'Target 1'
compiling main.c...
..\user\main.c(104): warning:  #188-D: enumerated type mixed with another type
compiling delay.c...
compiling Nokia_lcd.c...
..\user\Nokia_lcd.c(127): warning:  #188-D: enumerated type mixed with another type
..\user\Nokia_lcd.c(128): warning:  #188-D: enumerated type mixed with another type
..\user\Nokia_lcd.c(129): warning:  #188-D: enumerated type mixed with another type
..\user\Nokia_lcd.c(130): warning:  #188-D: enumerated type mixed with another type
..\user\Nokia_lcd.c(131): warning:  #188-D: enumerated type mixed with another type
..\user\Nokia_lcd.c(133): warning:  #188-D: enumerated type mixed with another type
..\user\Nokia_lcd.c(156): warning:  #188-D: enumerated type mixed with another type
..\user\Nokia_lcd.c(157): warning:  #188-D: enumerated type mixed with another type
..\user\Nokia_lcd.c(159): warning:  #188-D: enumerated type mixed with another type
..\user\Nokia_lcd.c(163): warning:  #188-D: enumerated type mixed with another type
..\user\Nokia_lcd.c(164): warning:  #188-D: enumerated type mixed with another type
..\user\Nokia_lcd.c(171): warning:  #188-D: enumerated type mixed with another type
compiling adc1.c...
linking...
Program Size: Code=23020 RO-data=424 RW-data=752 ZI-data=78128  
FromELF: creating hex file...
After Build - User command #1: fromelf --bin --output .\bin\∫¬”¿…Ω_20170322.bin  .\Project.axf
".\Project.axf": Error: Q0122E: Could not open file '.\Project.axf': No such file or directory
Finished: 0 information, 0 warning and 1 error messages.
"..\output\Project.axf" - 0 Errors, 13 Warning(s).
Build target 'Target 1'
compiling Nokia_lcd.c...
linking...
Program Size: Code=23020 RO-data=424 RW-data=752 ZI-data=78128  
FromELF: creating hex file...
After Build - User command #1: fromelf --bin --output .\bin\∫¬”¿…Ω_20170322.bin  .\Project.axf
".\Project.axf": Error: Q0122E: Could not open file '.\Project.axf': No such file or directory
Finished: 0 information, 0 warning and 1 error messages.
"..\output\Project.axf" - 0 Errors, 0 Warning(s).
Build target 'Target 1'
linking...
Program Size: Code=23020 RO-data=424 RW-data=752 ZI-data=78128  
FromELF: creating hex file...
After Build - User command #1: fromelf\output --bin --output .\bin\∫¬”¿…Ω_20170322.bin  .\Project.axf
--- Error: User Command terminated, Exit-Code = 1
"..\output\Project.axf" - 1 Errors, 0 Warning(s).
Target not created
Build target 'Target 1'
linking...
Program Size: Code=23020 RO-data=424 RW-data=752 ZI-data=78128  
FromELF: creating hex file...
After Build - User command #1: fromelf --bin --output .\bin\∫¬”¿…Ω_20170322.bin .\output\Project.axf
".\output\Project.axf": Error: Q0122E: Could not open file '.\output\Project.axf': No such file or directory
Finished: 0 information, 0 warning and 1 error messages.
"..\output\Project.axf" - 0 Errors, 0 Warning(s).
Build target 'Target 1'
linking...
Program Size: Code=23020 RO-data=424 RW-data=752 ZI-data=78128  
FromELF: creating hex file...
After Build - User command #1: fromelf --bin --output .\bin\∫¬”¿…Ω_20170322.bin ./output/Project.axf
"./output/Project.axf": Error: Q0122E: Could not open file './output/Project.axf': No such file or directory
Finished: 0 information, 0 warning and 1 error messages.
"..\output\Project.axf" - 0 Errors, 0 Warning(s).
Build target 'Target 1'
linking...
Program Size: Code=23020 RO-data=424 RW-data=752 ZI-data=78128  
FromELF: creating hex file...
After Build - User command #1: fromelf --bin --output .\bin\∫¬”¿…Ω_20170322.bin .\\Project.axf
".\\Project.axf": Error: Q0122E: Could not open file '.\\Project.axf': No such file or directory
Finished: 0 information, 0 warning and 1 error messages.
"..\output\Project.axf" - 0 Errors, 0 Warning(s).
Build target 'Target 1'
linking...
Program Size: Code=23020 RO-data=424 RW-data=752 ZI-data=78128  
FromELF: creating hex file...
After Build - User command #1: fromelf --bin --output .\bin\∫¬”¿…Ω_20170322.bin ..\output\Project.axf
"..\output\Project.axf" - 0 Errors, 0 Warning(s).
Build target 'Target 1'
linking...
Program Size: Code=23020 RO-data=424 RW-data=752 ZI-data=78128  
FromELF: creating hex file...
After Build - User command #1: fromelf --bin --output .\bin\∫¬”¿…Ω_20170322.bin ..\Project.axf
"..\Project.axf": Error: Q0122E: Could not open file '..\Project.axf': No such file or directory
Finished: 0 information, 0 warning and 1 error messages.
"..\output\Project.axf" - 0 Errors, 0 Warning(s).
Build target 'Target 1'
linking...
Program Size: Code=23020 RO-data=424 RW-data=752 ZI-data=78128  
FromELF: creating hex file...
After Build - User command #1: fromelf --bin --output .\bin\∫¬”¿…Ω_20170322.bin ..\output\Project.axf
"..\output\Project.axf" - 0 Errors, 0 Warning(s).
Build target 'Target 1'
linking...
Program Size: Code=23020 RO-data=424 RW-data=752 ZI-data=78128  
FromELF: creating hex file...
After Build - User command #1: fromelf --bin --output .\bin\∫¬”¿…Ω_20170322.bin ..\output\Project.axf
"..\output\Project.axf" - 0 Errors, 0 Warning(s).
Build target 'Target 1'
linking...
Program Size: Code=23020 RO-data=424 RW-data=752 ZI-data=78128  
FromELF: creating hex file...
After Build - User command #1: fromelf --bin --output .\bin\∫¬”¿…Ω_20170322.bin ..\output\Project.axf
"..\output\Project.axf" - 0 Errors, 0 Warning(s).
Build target 'Target 1'
linking...
Program Size: Code=23020 RO-data=424 RW-data=752 ZI-data=78128  
FromELF: creating hex file...
After Build - User command #1: fromelf --bin --output .\bin\FreeRTOS_test_20180611.bin ..\output\Project.axf
"..\output\Project.axf" - 0 Errors, 0 Warning(s).
Build target 'Target 1'
linking...
Program Size: Code=23020 RO-data=424 RW-data=752 ZI-data=78128  
FromELF: creating hex file...
After Build - User command #1: fromelf --bin --output .\bin\FreeRTOS_test_20180611.bin ..\output\Project.axf
"..\output\Project.axf" - 0 Errors, 0 Warning(s).
Rebuild target 'Target 1'
assembling startup_stm32f4xx.s...
compiling main.c...
..\user\main.c(104): warning:  #188-D: enumerated type mixed with another type
compiling delay.c...
compiling Nokia_lcd.c...
compiling time3.c...
compiling adc1.c...
compiling led.c...
compiling stm32f4xx_gpio.c...
compiling stm32f4xx_rcc.c...
compiling stm32f4xx_it.c...
compiling misc.c...
compiling stm32f4xx_tim.c...
compiling stm32f4xx_adc.c...
compiling system_stm32f4xx.c...
compiling croutine.c...
compiling event_groups.c...
compiling list.c...
compiling queue.c...
compiling stream_buffer.c...
compiling tasks.c...
compiling timers.c...
compiling port.c...
compiling heap_4.c...
linking...
Program Size: Code=23020 RO-data=424 RW-data=752 ZI-data=78128  
FromELF: creating hex file...
After Build - User command #1: fromelf --bin --output .\bin\FreeRTOS_test_20180611.bin ..\output\Project.axf
"..\output\Project.axf" - 0 Errors, 1 Warning(s).
