ARM Linker, 5.03 [Build 76] [MDK-ARM Professional]

==============================================================================

Section Cross References

    startup_stm32f4xx.o(RESET) refers to startup_stm32f4xx.o(STACK) for __initial_sp
    startup_stm32f4xx.o(RESET) refers to startup_stm32f4xx.o(.text) for Reset_Handler
    startup_stm32f4xx.o(RESET) refers to stm32f4xx_it.o(.text) for NMI_Handler
    startup_stm32f4xx.o(RESET) refers to port.o(.emb_text) for SVC_Handler
    startup_stm32f4xx.o(RESET) refers to delay.o(.text) for SysTick_Handler
    startup_stm32f4xx.o(RESET) refers to time3.o(.text) for TIM3_IRQHandler
    startup_stm32f4xx.o(RESET) refers to usart.o(.text) for USART1_IRQHandler
    startup_stm32f4xx.o(.text) refers to system_stm32f4xx.o(.text) for SystemInit
    startup_stm32f4xx.o(.text) refers to entry.o(.ARM.Collect$$$$00000000) for __main
    main.o(.text) refers to stm32f4xx_gpio.o(.text) for GPIO_WriteBit
    main.o(.text) refers to printf1.o(i.__0sprintf$1) for __2sprintf
    main.o(.text) refers to usart.o(.text) for usart_send
    main.o(.text) refers to tasks.o(.text) for vTaskDelay
    main.o(.text) refers to misc.o(.text) for NVIC_PriorityGroupConfig
    main.o(.text) refers to delay.o(.text) for delay_Init
    main.o(.text) refers to led.o(.text) for Led_config
    main.o(.text) refers to main.o(.bss) for date_buff
    main.o(.text) refers to main.o(.data) for LED0Task_Handler
    delay.o(.text) refers to tasks.o(.text) for xTaskGetSchedulerState
    delay.o(.text) refers to port.o(.text) for xPortSysTickHandler
    delay.o(.text) refers to misc.o(.text) for SysTick_CLKSourceConfig
    delay.o(.text) refers to delay.o(.data) for fac_us
    nokia_lcd.o(.text) refers to stm32f4xx_rcc.o(.text) for RCC_AHB1PeriphClockCmd
    nokia_lcd.o(.text) refers to stm32f4xx_gpio.o(.text) for GPIO_Init
    nokia_lcd.o(.text) refers to delay.o(.text) for delay_us
    nokia_lcd.o(.text) refers to nokia_lcd.o(.data) for font6x8
    time3.o(.text) refers to misc.o(.text) for NVIC_Init
    time3.o(.text) refers to stm32f4xx_rcc.o(.text) for RCC_APB1PeriphClockCmd
    time3.o(.text) refers to stm32f4xx_tim.o(.text) for TIM_TimeBaseInit
    time3.o(.text) refers to time3.o(.data) for LcdShow_Flag
    time3.o(.text) refers to time3.o(.bss) for mytime_date
    adc1.o(.text) refers to stm32f4xx_rcc.o(.text) for RCC_AHB1PeriphClockCmd
    adc1.o(.text) refers to stm32f4xx_gpio.o(.text) for GPIO_Init
    adc1.o(.text) refers to stm32f4xx_adc.o(.text) for ADC_CommonInit
    led.o(.text) refers to stm32f4xx_rcc.o(.text) for RCC_AHB1PeriphClockCmd
    led.o(.text) refers to stm32f4xx_gpio.o(.text) for GPIO_Init
    usart.o(.text) refers to stm32f4xx_rcc.o(.text) for RCC_APB2PeriphClockCmd
    usart.o(.text) refers to stm32f4xx_gpio.o(.text) for GPIO_PinAFConfig
    usart.o(.text) refers to stm32f4xx_usart.o(.text) for USART_Init
    usart.o(.text) refers to misc.o(.text) for NVIC_Init
    usart.o(.text) refers to delay.o(.text) for delay_us
    usart.o(.text) refers to strlen.o(.text) for strlen
    usart.o(.text) refers to usart.o(.data) for res
    usart.o(.text) refers to usart.o(.bss) for USART_BUFF
    stm32f4xx_gpio.o(.text) refers to stm32f4xx_rcc.o(.text) for RCC_AHB1PeriphResetCmd
    stm32f4xx_rcc.o(.text) refers to stm32f4xx_rcc.o(.data) for APBAHBPrescTable
    stm32f4xx_tim.o(.text) refers to stm32f4xx_rcc.o(.text) for RCC_APB2PeriphResetCmd
    stm32f4xx_adc.o(.text) refers to stm32f4xx_rcc.o(.text) for RCC_APB2PeriphResetCmd
    stm32f4xx_usart.o(.text) refers to stm32f4xx_rcc.o(.text) for RCC_APB2PeriphResetCmd
    system_stm32f4xx.o(.text) refers to system_stm32f4xx.o(.data) for SystemCoreClock
    event_groups.o(.text) refers to heap_4.o(.text) for pvPortMalloc
    event_groups.o(.text) refers to list.o(.text) for vListInitialise
    event_groups.o(.text) refers to tasks.o(.text) for vTaskSuspendAll
    event_groups.o(.text) refers to port.o(.text) for vPortEnterCritical
    queue.o(.text) refers to port.o(.text) for vPortEnterCritical
    queue.o(.text) refers to tasks.o(.text) for xTaskRemoveFromEventList
    queue.o(.text) refers to list.o(.text) for vListInitialise
    queue.o(.text) refers to heap_4.o(.text) for pvPortMalloc
    queue.o(.text) refers to memcpya.o(.text) for __aeabi_memcpy
    queue.o(.text) refers to queue.o(.bss) for xQueueRegistry
    stream_buffer.o(.text) refers to memseta.o(.text) for memset
    stream_buffer.o(.text) refers to heap_4.o(.text) for pvPortMalloc
    stream_buffer.o(.text) refers to memcpya.o(.text) for __aeabi_memcpy
    stream_buffer.o(.text) refers to tasks.o(.text) for vTaskSetTimeOutState
    stream_buffer.o(.text) refers to port.o(.text) for vPortEnterCritical
    tasks.o(.text) refers to list.o(.text) for vListInitialise
    tasks.o(.text) refers to port.o(.text) for vPortEnterCritical
    tasks.o(.text) refers to memseta.o(.text) for __aeabi_memset
    tasks.o(.text) refers to heap_4.o(.text) for pvPortMalloc
[...]
    printf6.o(i.__0printf$6) refers to stdout.o(.data) for __stdout
    printf6.o(i.__0snprintf$6) refers to printf6.o(i._printf_core) for _printf_core
    printf6.o(i.__0snprintf$6) refers to printf6.o(i._snputc) for _snputc
    printf6.o(i.__0sprintf$6) refers to printf6.o(i._printf_core) for _printf_core
    printf6.o(i.__0sprintf$6) refers to printf6.o(i._sputc) for _sputc
    printf6.o(i.__0vfprintf$6) refers to printf6.o(i._printf_core) for _printf_core
    printf6.o(i.__0vfprintf$6) refers to fputc.o(i.fputc) for fputc
    printf6.o(i.__0vprintf$6) refers to printf6.o(i._printf_core) for _printf_core
    printf6.o(i.__0vprintf$6) refers to fputc.o(i.fputc) for fputc
    printf6.o(i.__0vprintf$6) refers to stdout.o(.data) for __stdout
    printf6.o(i.__0vsnprintf$6) refers to printf6.o(i._printf_core) for _printf_core
    printf6.o(i.__0vsnprintf$6) refers to printf6.o(i._snputc) for _snputc
    printf6.o(i.__0vsprintf$6) refers to printf6.o(i._printf_core) for _printf_core
    printf6.o(i.__0vsprintf$6) refers to printf6.o(i._sputc) for _sputc
    printf6.o(i._printf_core) refers to printf6.o(i._printf_pre_padding) for _printf_pre_padding
    printf6.o(i._printf_core) refers to uidiv.o(.text) for __aeabi_uidivmod
    printf6.o(i._printf_core) refers to printf6.o(i._printf_post_padding) for _printf_post_padding
    printf7.o(i.__0fprintf$7) refers to printf7.o(i._printf_core) for _printf_core
    printf7.o(i.__0fprintf$7) refers to fputc.o(i.fputc) for fputc
    printf7.o(i.__0printf$7) refers to printf7.o(i._printf_core) for _printf_core
    printf7.o(i.__0printf$7) refers to fputc.o(i.fputc) for fputc
    printf7.o(i.__0printf$7) refers to stdout.o(.data) for __stdout
    printf7.o(i.__0snprintf$7) refers to printf7.o(i._printf_core) for _printf_core
    printf7.o(i.__0snprintf$7) refers to printf7.o(i._snputc) for _snputc
    printf7.o(i.__0sprintf$7) refers to printf7.o(i._printf_core) for _printf_core
    printf7.o(i.__0sprintf$7) refers to printf7.o(i._sputc) for _sputc
    printf7.o(i.__0vfprintf$7) refers to printf7.o(i._printf_core) for _printf_core
    printf7.o(i.__0vfprintf$7) refers to fputc.o(i.fputc) for fputc
    printf7.o(i.__0vprintf$7) refers to printf7.o(i._printf_core) for _printf_core
    printf7.o(i.__0vprintf$7) refers to fputc.o(i.fputc) for fputc
    printf7.o(i.__0vprintf$7) refers to stdout.o(.data) for __stdout
    printf7.o(i.__0vsnprintf$7) refers to printf7.o(i._printf_core) for _printf_core
    printf7.o(i.__0vsnprintf$7) refers to printf7.o(i._snputc) for _snputc
    printf7.o(i.__0vsprintf$7) refers to printf7.o(i._printf_core) for _printf_core
    printf7.o(i.__0vsprintf$7) refers to printf7.o(i._sputc) for _sputc
    printf7.o(i._printf_core) refers to printf7.o(i._printf_pre_padding) for _printf_pre_padding
    printf7.o(i._printf_core) refers to uldiv.o(.text) for __aeabi_uldivmod
    printf7.o(i._printf_core) refers to printf7.o(i._printf_post_padding) for _printf_post_padding
    printf8.o(i.__0fprintf$8) refers to printf8.o(i._printf_core) for _printf_core
    printf8.o(i.__0fprintf$8) refers to fputc.o(i.fputc) for fputc
    printf8.o(i.__0printf$8) refers to printf8.o(i._printf_core) for _printf_core
    printf8.o(i.__0printf$8) refers to fputc.o(i.fputc) for fputc
    printf8.o(i.__0printf$8) refers to stdout.o(.data) for __stdout
    printf8.o(i.__0snprintf$8) refers to printf8.o(i._printf_core) for _printf_core
    printf8.o(i.__0snprintf$8) refers to printf8.o(i._snputc) for _snputc
    printf8.o(i.__0sprintf$8) refers to printf8.o(i._printf_core) for _printf_core
    printf8.o(i.__0sprintf$8) refers to printf8.o(i._sputc) for _sputc
    printf8.o(i.__0vfprintf$8) refers to printf8.o(i._printf_core) for _printf_core
    printf8.o(i.__0vfprintf$8) refers to fputc.o(i.fputc) for fputc
    printf8.o(i.__0vprintf$8) refers to printf8.o(i._printf_core) for _printf_core
    printf8.o(i.__0vprintf$8) refers to fputc.o(i.fputc) for fputc
    printf8.o(i.__0vprintf$8) refers to stdout.o(.data) for __stdout
    printf8.o(i.__0vsnprintf$8) refers to printf8.o(i._printf_core) for _printf_core
    printf8.o(i.__0vsnprintf$8) refers to printf8.o(i._snputc) for _snputc
    printf8.o(i.__0vsprintf$8) refers to printf8.o(i._printf_core) for _printf_core
    printf8.o(i.__0vsprintf$8) refers to printf8.o(i._sputc) for _sputc
    printf8.o(i._printf_core) refers to printf8.o(i._printf_pre_padding) for _printf_pre_padding
    printf8.o(i._printf_core) refers to uldiv.o(.text) for __aeabi_uldivmod
    printf8.o(i._printf_core) refers to printf8.o(i._printf_post_padding) for _printf_post_padding
    printfa.o(i.__0fprintf) refers (Special) to iusefp.o(.text) for __I$use$fp
    printfa.o(i.__0fprintf) refers to printfa.o(i._printf_core) for _printf_core
    printfa.o(i.__0fprintf) refers to fputc.o(i.fputc) for fputc
    printfa.o(i.__0printf) refers (Special) to iusefp.o(.text) for __I$use$fp
    printfa.o(i.__0printf) refers to printfa.o(i._printf_core) for _printf_core
    printfa.o(i.__0printf) refers to fputc.o(i.fputc) for fputc
    printfa.o(i.__0printf) refers to stdout.o(.data) for __stdout
    printfa.o(i.__0snprintf) refers (Special) to iusefp.o(.text) for __I$use$fp
    printfa.o(i.__0snprintf) refers to printfa.o(i._printf_core) for _printf_core
    printfa.o(i.__0snprintf) refers to printfa.o(i._snputc) for _snputc
    printfa.o(i.__0sprintf) refers (Special) to iusefp.o(.text) for __I$use$fp
    printfa.o(i.__0sprintf) refers to printfa.o(i._printf_core) for _printf_core
    printfa.o(i.__0sprintf) refers to printfa.o(i._sputc) for _sputc
    printfa.o(i.__0vfprintf) refers (Special) to iusefp.o(.text) for __I$use$fp
    printfa.o(i.__0vfprintf) refers to printfa.o(i._printf_core) for _printf_core
    printfa.o(i.__0vfprintf) refers to fputc.o(i.fputc) for fputc
    printfa.o(i.__0vprintf) refers (Special) to iusefp.o(.text) for __I$use$fp
    printfa.o(i.__0vprintf) refers to printfa.o(i._printf_core) for _printf_core
    printfa.o(i.__0vprintf) refers to fputc.o(i.fputc) for fputc
    printfa.o(i.__0vprintf) refers to stdout.o(.data) for __stdout
    printfa.o(i.__0vsnprintf) refers (Special) to iusefp.o(.text) for __I$use$fp
    printfa.o(i.__0vsnprintf) refers to printfa.o(i._printf_core) for _printf_core
    printfa.o(i.__0vsnprintf) refers to printfa.o(i._snputc) for _snputc
    printfa.o(i.__0vsprintf) refers (Special) to iusefp.o(.text) for __I$use$fp
    printfa.o(i.__0vsprintf) refers to printfa.o(i._printf_core) for _printf_core
    printfa.o(i.__0vsprintf) refers to printfa.o(i._sputc) for _sputc
    printfa.o(i._fp_digits) refers (Special) to iusefp.o(.text) for __I$use$fp
    printfa.o(i._fp_digits) refers to dmul.o(.text) for __aeabi_dmul
    printfa.o(i._fp_digits) refers to ddiv.o(.text) for __aeabi_ddiv
    printfa.o(i._fp_digits) refers to cdrcmple.o(.text) for __aeabi_cdrcmple
    printfa.o(i._fp_digits) refers to dadd.o(.text) for __aeabi_dadd
    printfa.o(i._fp_digits) refers to dfixul.o(.text) for __aeabi_d2ulz
    printfa.o(i._fp_digits) refers to uldiv.o(.text) for __aeabi_uldivmod
    printfa.o(i._printf_core) refers (Special) to iusefp.o(.text) for __I$use$fp
    printfa.o(i._printf_core) refers to printfa.o(i._printf_pre_padding) for _printf_pre_padding
    printfa.o(i._printf_core) refers to uldiv.o(.text) for __aeabi_uldivmod
    printfa.o(i._printf_core) refers to printfa.o(i._printf_post_padding) for _printf_post_padding
    printfa.o(i._printf_core) refers to printfa.o(i._fp_digits) for _fp_digits
    printfa.o(i._printf_core) refers to uidiv.o(.text) for __aeabi_uidivmod
    printfa.o(i._printf_post_padding) refers (Special) to iusefp.o(.text) for __I$use$fp
    printfa.o(i._printf_pre_padding) refers (Special) to iusefp.o(.text) for __I$use$fp
    printfa.o(i._snputc) refers (Special) to iusefp.o(.text) for __I$use$fp
    printfa.o(i._sputc) refers (Special) to iusefp.o(.text) for __I$use$fp
    entry2.o(.ARM.Collect$$$$00000001) refers to entry2.o(.ARM.Collect$$$$00002712) for __lit__00000000
    entry2.o(.ARM.Collect$$$$00002712) refers to startup_stm32f4xx.o(STACK) for __initial_sp
    entry2.o(__vectab_stack_and_reset_area) refers to startup_stm32f4xx.o(STACK) for __initial_sp
    entry2.o(__vectab_stack_and_reset_area) refers to entry.o(.ARM.Collect$$$$00000000) for __main
    entry5.o(.ARM.Collect$$$$00000004) refers to init.o(.text) for __scatterload
    entry9a.o(.ARM.Collect$$$$0000000B) refers to main.o(.text) for main
    entry9b.o(.ARM.Collect$$$$0000000C) refers to main.o(.text) for main
    fputc.o(i.fputc) refers (Special) to iusesemip.o(.text) for __I$use$semihosting$fputc
    fputc.o(i.fputc) refers (Special) to semi.o(.text) for __semihosting_library_function
    uldiv.o(.text) refers to llushr.o(.text) for __aeabi_llsr
    uldiv.o(.text) refers to llshl.o(.text) for __aeabi_llsl
    dadd.o(.text) refers to llshl.o(.text) for __aeabi_llsl
    dadd.o(.text) refers to llsshr.o(.text) for __aeabi_lasr
    dadd.o(.text) refers to depilogue.o(.text) for _double_epilogue
    dmul.o(.text) refers to depilogue.o(.text) for _double_epilogue
    ddiv.o(.text) refers to depilogue.o(.text) for _double_round
    dfixul.o(.text) refers to llushr.o(.text) for __aeabi_llsr
    dfixul.o(.text) refers to llshl.o(.text) for __aeabi_llsl
    init.o(.text) refers to entry5.o(.ARM.Collect$$$$00000004) for __main_after_scatterload
    depilogue.o(.text) refers to llshl.o(.text) for __aeabi_llsl
    depilogue.o(.text) refers to llushr.o(.text) for __aeabi_llsr


==============================================================================

Removing Unused input sections from the image.

    Removing startup_stm32f4xx.o(HEAP), (512 bytes).
    Removing main.o(.rev16_text), (4 bytes).
    Removing main.o(.revsh_text), (4 bytes).
    Removing delay.o(.rev16_text), (4 bytes).
    Removing delay.o(.revsh_text), (4 bytes).
    Removing nokia_lcd.o(.rev16_text), (4 bytes).
    Removing nokia_lcd.o(.revsh_text), (4 bytes).
    Removing nokia_lcd.o(.text), (604 bytes).
    Removing nokia_lcd.o(.data), (552 bytes).
    Removing time3.o(.rev16_text), (4 bytes).
    Removing time3.o(.revsh_text), (4 bytes).
    Removing adc1.o(.rev16_text), (4 bytes).
    Removing adc1.o(.revsh_text), (4 bytes).
    Removing adc1.o(.text), (224 bytes).
    Removing led.o(.rev16_text), (4 bytes).
    Removing led.o(.revsh_text), (4 bytes).
    Removing usart.o(.rev16_text), (4 bytes).
    Removing usart.o(.revsh_text), (4 bytes).
    Removing stm32f4xx_gpio.o(.rev16_text), (4 bytes).
    Removing stm32f4xx_gpio.o(.revsh_text), (4 bytes).
    Removing stm32f4xx_rcc.o(.rev16_text), (4 bytes).
    Removing stm32f4xx_rcc.o(.revsh_text), (4 bytes).
    Removing stm32f4xx_it.o(.rev16_text), (4 bytes).
    Removing stm32f4xx_it.o(.revsh_text), (4 bytes).
    Removing misc.o(.rev16_text), (4 bytes).
    Removing misc.o(.revsh_text), (4 bytes).
    Removing stm32f4xx_tim.o(.rev16_text), (4 bytes).
    Removing stm32f4xx_tim.o(.revsh_text), (4 bytes).
    Removing stm32f4xx_adc.o(.rev16_text), (4 bytes).
    Removing stm32f4xx_adc.o(.revsh_text), (4 bytes).
    Removing stm32f4xx_adc.o(.text), (1136 bytes).
    Removing stm32f4xx_usart.o(.rev16_text), (4 bytes).
    Removing stm32f4xx_usart.o(.revsh_text), (4 bytes).
    Removing system_stm32f4xx.o(.rev16_text), (4 bytes).
    Removing system_stm32f4xx.o(.revsh_text), (4 bytes).
    Removing event_groups.o(.text), (1140 bytes).
    Removing stream_buffer.o(.text), (2304 bytes).
    Removing dadd.o(.text), (334 bytes).
    Removing dmul.o(.text), (228 bytes).
    Removing ddiv.o(.text), (222 bytes).
    Removing dfixul.o(.text), (48 bytes).
    Removing cdrcmple.o(.text), (40 bytes).
    Removing depilogue.o(.text), (190 bytes).

43 unused section(s) (total 7654 bytes) removed from the image.

==============================================================================

Image Symbol Table

    Local Symbols

    Symbol Name                              Value     Ov Type        Size  Object(Section)

    ../clib/microlib/division.c              0x00000000   Number         0  uldiv.o ABSOLUTE
    ../clib/microlib/division.c              0x00000000   Number         0  uidiv.o ABSOLUTE
    ../clib/microlib/init/entry.s            0x00000000   Number         0  entry9a.o ABSOLUTE
    ../clib/microlib/init/entry.s            0x00000000   Number         0  entry10a.o ABSOLUTE
    ../clib/microlib/init/entry.s            0x00000000   Number         0  entry7a.o ABSOLUTE
    ../clib/microlib/init/entry.s            0x00000000   Number         0  entry9b.o ABSOLUTE
    ../clib/microlib/init/entry.s            0x00000000   Number         0  entry10b.o ABSOLUTE
    ../clib/microlib/init/entry.s            0x00000000   Number         0  entry5.o ABSOLUTE
    ../clib/microlib/init/entry.s            0x00000000   Number         0  entry11a.o ABSOLUTE
    ../clib/microlib/init/entry.s            0x00000000   Number         0  entry11b.o ABSOLUTE
    ../clib/microlib/init/entry.s            0x00000000   Number         0  entry7b.o ABSOLUTE
    ../clib/microlib/init/entry.s            0x00000000   Number         0  entry8a.o ABSOLUTE
    ../clib/microlib/init/entry.s            0x00000000   Number         0  entry8b.o ABSOLUTE
    ../clib/microlib/init/entry.s            0x00000000   Number         0  entry2.o ABSOLUTE
    ../clib/microlib/init/entry.s            0x00000000   Number         0  entry.o ABSOLUTE
    ../clib/microlib/longlong.c              0x00000000   Number         0  llsshr.o ABSOLUTE
    ../clib/microlib/longlong.c              0x00000000   Number         0  llshl.o ABSOLUTE
    ../clib/microlib/longlong.c              0x00000000   Number         0  llushr.o ABSOLUTE
    ../clib/microlib/printf/printf.c         0x00000000   Number         0  printf8.o ABSOLUTE
    ../clib/microlib/printf/printf.c         0x00000000   Number         0  printf7.o ABSOLUTE
    ../clib/microlib/printf/printf.c         0x00000000   Number         0  printf5.o ABSOLUTE
    ../clib/microlib/printf/printf.c         0x00000000   Number         0  printfa.o ABSOLUTE
    ../clib/microlib/printf/printf.c         0x00000000   Number         0  printfb.o ABSOLUTE
    ../clib/microlib/printf/printf.c         0x00000000   Number         0  printf4.o ABSOLUTE
    ../clib/microlib/printf/printf.c         0x00000000   Number         0  printf3.o ABSOLUTE
    ../clib/microlib/printf/printf.c         0x00000000   Number         0  printf2.o ABSOLUTE
    ../clib/microlib/printf/printf.c         0x00000000   Number         0  printf6.o ABSOLUTE
    ../clib/microlib/printf/printf.c         0x00000000   Number         0  printf0.o ABSOLUTE
    ../clib/microlib/printf/printf.c         0x00000000   Number         0  printf1.o ABSOLUTE
    ../clib/microlib/printf/stubs.s          0x00000000   Number         0  stubs.o ABSOLUTE
    ../clib/microlib/stdio/fputc.c           0x00000000   Number         0  fputc.o ABSOLUTE
    ../clib/microlib/stdio/semi.s            0x00000000   Number         0  semi.o ABSOLUTE
    ../clib/microlib/stdio/streams.c         0x00000000   Number         0  stdout.o ABSOLUTE
    ../clib/microlib/string/memcpy.c         0x00000000   Number         0  memcpya.o ABSOLUTE
    ../clib/microlib/string/memcpy.c         0x00000000   Number         0  memcpyb.o ABSOLUTE
    ../clib/microlib/string/memset.c         0x00000000   Number         0  memset.o ABSOLUTE
    ../clib/microlib/string/memset.c         0x00000000   Number         0  memseta.o ABSOLUTE
    ../clib/microlib/string/strlen.c         0x00000000   Number         0  strlen.o ABSOLUTE
    ../clib/microlib/stubs.s                 0x00000000   Number         0  iusesemip.o ABSOLUTE
    ../clib/microlib/stubs.s                 0x00000000   Number         0  iusefp.o ABSOLUTE
    ../fplib/microlib/fpadd.c                0x00000000   Number         0  dadd.o ABSOLUTE
    ../fplib/microlib/fpdiv.c                0x00000000   Number         0  ddiv.o ABSOLUTE
    ../fplib/microlib/fpepilogue.c           0x00000000   Number         0  depilogue.o ABSOLUTE
    ../fplib/microlib/fpfix.c                0x00000000   Number         0  dfixul.o ABSOLUTE
    ../fplib/microlib/fpmul.c                0x00000000   Number         0  dmul.o ABSOLUTE
    ..\FreeRTOS\croutine.c                   0x00000000   Number         0  croutine.o ABSOLUTE
    ..\FreeRTOS\event_groups.c               0x00000000   Number         0  event_groups.o ABSOLUTE
    ..\FreeRTOS\list.c                       0x00000000   Number         0  list.o ABSOLUTE
    ..\FreeRTOS\portable\MemMang\heap_4.c    0x00000000   Number         0  heap_4.o ABSOLUTE
    ..\FreeRTOS\portable\RVDS\ARM_CM4F\port.c 0x00000000   Number         0  port.o ABSOLUTE
    ..\FreeRTOS\queue.c                      0x00000000   Number         0  queue.o ABSOLUTE
    ..\FreeRTOS\stream_buffer.c              0x00000000   Number         0  stream_buffer.o ABSOLUTE
    ..\FreeRTOS\tasks.c                      0x00000000   Number         0  tasks.o ABSOLUTE
    ..\FreeRTOS\timers.c                     0x00000000   Number         0  timers.o ABSOLUTE
    ..\\FreeRTOS\\portable\\RVDS\\ARM_CM4F\\port.c 0x00000000   Number         0  port.o ABSOLUTE
    ..\\lib\\CMSIS\\Device\\ST\\STM32F4xx\\Source\\Templates\\system_stm32f4xx.c 0x00000000   Number         0  system_stm32f4xx.o ABSOLUTE
    ..\\lib\\STM32F4xx_StdPeriph_Driver\\src\\misc.c 0x00000000   Number         0  misc.o ABSOLUTE
    ..\\lib\\STM32F4xx_StdPeriph_Driver\\src\\stm32f4xx_adc.c 0x00000000   Number         0  stm32f4xx_adc.o ABSOLUTE
    ..\\lib\\STM32F4xx_StdPeriph_Driver\\src\\stm32f4xx_gpio.c 0x00000000   Number         0  stm32f4xx_gpio.o ABSOLUTE
    ..\\lib\\STM32F4xx_StdPeriph_Driver\\src\\stm32f4xx_it.c 0x00000000   Number         0  stm32f4xx_it.o ABSOLUTE
    ..\\lib\\STM32F4xx_StdPeriph_Driver\\src\\stm32f4xx_rcc.c 0x00000000   Number         0  stm32f4xx_rcc.o ABSOLUTE
    ..\\lib\\STM32F4xx_StdPeriph_Driver\\src\\stm32f4xx_tim.c 0x00000000   Number         0  stm32f4xx_tim.o ABSOLUTE
    ..\\lib\\STM32F4xx_StdPeriph_Driver\\src\\stm32f4xx_usart.c 0x00000000   Number         0  stm32f4xx_usart.o ABSOLUTE
    ..\\user\\Nokia_lcd.c                    0x00000000   Number         0  nokia_lcd.o ABSOLUTE
    ..\\user\\adc1.c                         0x00000000   Number         0  adc1.o ABSOLUTE
    ..\\user\\delay.c                        0x00000000   Number         0  delay.o ABSOLUTE
    ..\\user\\led.c                          0x00000000   Number         0  led.o ABSOLUTE
    ..\\user\\main.c                         0x00000000   Number         0  main.o ABSOLUTE
    ..\\user\\time3.c                        0x00000000   Number         0  time3.o ABSOLUTE
    ..\\user\\usart.c                        0x00000000   Number         0  usart.o ABSOLUTE
    ..\lib\CMSIS\Device\ST\STM32F4xx\Source\Templates\arm\startup_stm32f4xx.s 0x00000000   Number         0  startup_stm32f4xx.o ABSOLUTE
    ..\lib\CMSIS\Device\ST\STM32F4xx\Source\Templates\system_stm32f4xx.c 0x00000000   Number         0  system_stm32f4xx.o ABSOLUTE
    ..\lib\STM32F4xx_StdPeriph_Driver\src\misc.c 0x00000000   Number         0  misc.o ABSOLUTE
    ..\lib\STM32F4xx_StdPeriph_Driver\src\stm32f4xx_adc.c 0x00000000   Number         0  stm32f4xx_adc.o ABSOLUTE
    ..\lib\STM32F4xx_StdPeriph_Driver\src\stm32f4xx_gpio.c 0x00000000   Number         0  stm32f4xx_gpio.o ABSOLUTE
    ..\lib\STM32F4xx_StdPeriph_Driver\src\stm32f4xx_it.c 0x00000000   Number         0  stm32f4xx_it.o ABSOLUTE
    ..\lib\STM32F4xx_StdPeriph_Driver\src\stm32f4xx_rcc.c 0x00000000   Number         0  stm32f4xx_rcc.o ABSOLUTE
    ..\lib\STM32F4xx_StdPeriph_Driver\src\stm32f4xx_tim.c 0x00000000   Number         0  stm32f4xx_tim.o ABSOLUTE
    ..\lib\STM32F4xx_StdPeriph_Driver\src\stm32f4xx_usart.c 0x00000000   Number         0  stm32f4xx_usart.o ABSOLUTE
    ..\user\Nokia_lcd.c                      0x00000000   Number         0  nokia_lcd.o ABSOLUTE
    ..\user\adc1.c                           0x00000000   Number         0  adc1.o ABSOLUTE
    ..\user\delay.c                          0x00000000   Number         0  delay.o ABSOLUTE
    ..\user\led.c                            0x00000000   Number         0  led.o ABSOLUTE
    ..\user\main.c                           0x00000000   Number         0  main.o ABSOLUTE
    ..\user\time3.c                          0x00000000   Number         0  time3.o ABSOLUTE
    ..\user\usart.c                          0x00000000   Number         0  usart.o ABSOLUTE
    cdrcmple.s                               0x00000000   Number         0  cdrcmple.o ABSOLUTE
    dc.s                                     0x00000000   Number         0  dc.o ABSOLUTE
    handlers.s                               0x00000000   Number         0  handlers.o ABSOLUTE
    init.s                                   0x00000000   Number         0  init.o ABSOLUTE
    RESET                                    0x08000000   Section      392  startup_stm32f4xx.o(RESET)
    .ARM.Collect$$$$00000000                 0x08000188   Section        0  entry.o(.ARM.Collect$$$$00000000)
    .ARM.Collect$$$$00000001                 0x08000188   Section        4  entry2.o(.ARM.Collect$$$$00000001)
    .ARM.Collect$$$$00000004                 0x0800018c   Section        4  entry5.o(.ARM.Collect$$$$00000004)
    .ARM.Collect$$$$00000008                 0x08000190   Section        0  entry7b.o(.ARM.Collect$$$$00000008)
    .ARM.Collect$$$$0000000A                 0x08000190   Section        0  entry8b.o(.ARM.Collect$$$$0000000A)
    .ARM.Collect$$$$0000000B                 0x08000190   Section        8  entry9a.o(.ARM.Collect$$$$0000000B)
    .ARM.Collect$$$$0000000D                 0x08000198   Section        0  entry10a.o(.ARM.Collect$$$$0000000D)
    .ARM.Collect$$$$0000000F                 0x08000198   Section        0  entry11a.o(.ARM.Collect$$$$0000000F)
    .ARM.Collect$$$$00002712                 0x08000198   Section        4  entry2.o(.ARM.Collect$$$$00002712)
    __lit__00000000                          0x08000198   Data           4  entry2.o(.ARM.Collect$$$$00002712)
    .emb_text                                0x0800019c   Section      190  port.o(.emb_text)
    $v0                                      0x0800019c   Number         0  port.o(.emb_text)
    .text                                    0x0800025c   Section       36  startup_stm32f4xx.o(.text)
    $v0                                      0x0800025c   Number         0  startup_stm32f4xx.o(.text)
    .text                                    0x08000280   Section        0  main.o(.text)
    .text                                    0x080003f8   Section        0  delay.o(.text)
    .text                                    0x080004e4   Section        0  time3.o(.text)
    .text                                    0x0800087c   Section        0  led.o(.text)
    .text                                    0x080008b0   Section        0  usart.o(.text)
    .text                                    0x08000af0   Section        0  stm32f4xx_gpio.o(.text)
    .text                                    0x08000d4c   Section        0  stm32f4xx_rcc.o(.text)
    .text                                    0x080012d4   Section        0  stm32f4xx_it.o(.text)
    .text                                    0x080012e8   Section        0  misc.o(.text)
    .text                                    0x080013cc   Section        0  stm32f4xx_tim.o(.text)
    TI4_Config                               0x08001b6b   Thumb Code    80  stm32f4xx_tim.o(.text)
    TI3_Config                               0x08001bcd   Thumb Code    72  stm32f4xx_tim.o(.text)
    TI2_Config                               0x08001c2f   Thumb Code    90  stm32f4xx_tim.o(.text)
    TI1_Config                               0x08001c9b   Thumb Code    58  stm32f4xx_tim.o(.text)
    .text                                    0x08002070   Section        0  stm32f4xx_usart.o(.text)
    .text                                    0x0800248c   Section        0  system_stm32f4xx.o(.text)
    SetSysClock                              0x0800248d   Thumb Code   218  system_stm32f4xx.o(.text)
    .text                                    0x08002698   Section        0  list.o(.text)
    .text                                    0x0800272c   Section        0  queue.o(.text)
    prvInitialiseNewQueue                    0x080027bf   Thumb Code    42  queue.o(.text)
    prvUnlockQueue                           0x08002841   Thumb Code   126  queue.o(.text)
    prvIsQueueFull                           0x080028bf   Thumb Code    30  queue.o(.text)
    prvCopyDataToQueue                       0x080028dd   Thumb Code   124  queue.o(.text)
    prvInitialiseMutex                       0x08002af9   Thumb Code    28  queue.o(.text)
    prvGetDisinheritPriorityAfterTimeout     0x08002b83   Thumb Code    20  queue.o(.text)
    prvIsQueueEmpty                          0x08002b97   Thumb Code    26  queue.o(.text)
    prvCopyDataFromQueue                     0x08002fe1   Thumb Code    42  queue.o(.text)
    .text                                    0x0800361c   Section        0  tasks.o(.text)
    prvInitialiseTaskLists                   0x0800361d   Thumb Code    70  tasks.o(.text)
    prvAddNewTaskToReadyList                 0x08003663   Thumb Code   156  tasks.o(.text)
    prvInitialiseNewTask                     0x080036ff   Thumb Code   180  tasks.o(.text)
    prvResetNextTaskUnblockTime              0x08003813   Thumb Code    42  tasks.o(.text)
    prvDeleteTCB                             0x0800383d   Thumb Code    18  tasks.o(.text)
    prvAddCurrentTaskToDelayedList           0x08003b5f   Thumb Code   124  tasks.o(.text)
    prvTaskIsTaskSuspended                   0x08004057   Thumb Code    80  tasks.o(.text)
    prvCheckTasksWaitingTermination          0x080041c5   Thumb Code    60  tasks.o(.text)
    prvIdleTask                              0x08004201   Thumb Code    32  tasks.o(.text)
    prvTaskCheckFreeStackSpace               0x08004349   Thumb Code    22  tasks.o(.text)
    prvListTasksWithinSingleList             0x080043dd   Thumb Code   106  tasks.o(.text)
    .text                                    0x08004eec   Section        0  timers.o(.text)
    prvInsertTimerInActiveList               0x08004eed   Thumb Code    80  timers.o(.text)
    prvSwitchTimerLists                      0x08004fbb   Thumb Code   150  timers.o(.text)
    prvSampleTimeNow                         0x08005051   Thumb Code    40  timers.o(.text)
    prvProcessReceivedCommands               0x08005079   Thumb Code   240  timers.o(.text)
    prvProcessExpiredTimer                   0x08005169   Thumb Code    94  timers.o(.text)
    prvProcessTimerOrBlockTask               0x080051c7   Thumb Code   102  timers.o(.text)
    prvGetNextExpireTime                     0x0800522d   Thumb Code    36  timers.o(.text)
    prvTimerTask                             0x08005251   Thumb Code    26  timers.o(.text)
    prvCheckForValidListAndQueue             0x0800526b   Thumb Code    72  timers.o(.text)
    prvInitialiseNewTimer                    0x08005329   Thumb Code    78  timers.o(.text)
    .text                                    0x080054d0   Section        0  port.o(.text)
    prvTaskExitError                         0x080054d1   Thumb Code    60  port.o(.text)
    .text                                    0x08005814   Section        0  heap_4.o(.text)
    prvInsertBlockIntoFreeList               0x08005815   Thumb Code    96  heap_4.o(.text)
    prvHeapInit                              0x08005875   Thumb Code    98  heap_4.o(.text)
    .text                                    0x08005ab0   Section        0  memcpya.o(.text)
    .text                                    0x08005ad4   Section        0  memseta.o(.text)
    .text                                    0x08005af8   Section        0  strlen.o(.text)
    .text                                    0x08005b06   Section        0  uidiv.o(.text)
    .text                                    0x08005b34   Section       36  init.o(.text)
    i.__0sprintf$1                           0x08005b58   Section        0  printf1.o(i.__0sprintf$1)
    i.__scatterload_copy                     0x08005b80   Section       14  handlers.o(i.__scatterload_copy)
    i.__scatterload_null                     0x08005b8e   Section        2  handlers.o(i.__scatterload_null)
    i.__scatterload_zeroinit                 0x08005b90   Section       14  handlers.o(i.__scatterload_zeroinit)
    i._printf_core                           0x08005ba0   Section        0  printf1.o(i._printf_core)
    _printf_core                             0x08005ba1   Thumb Code   334  printf1.o(i._printf_core)
    i._sputc                                 0x08005cf4   Section        0  printf1.o(i._sputc)
    _sputc                                   0x08005cf5   Thumb Code    10  printf1.o(i._sputc)
    .data                                    0x20000000   Section       12  main.o(.data)
    .data                                    0x2000000c   Section        4  delay.o(.data)
    fac_us                                   0x2000000c   Data           1  delay.o(.data)
    fac_ms                                   0x2000000e   Data           2  delay.o(.data)
    .data                                    0x20000010   Section       38  time3.o(.data)
    .data                                    0x20000038   Section       10  usart.o(.data)
    firstdate_flag                           0x20000041   Data           1  usart.o(.data)
    .data                                    0x20000042   Section       16  stm32f4xx_rcc.o(.data)
    APBAHBPrescTable                         0x20000042   Data          16  stm32f4xx_rcc.o(.data)
    .data                                    0x20000054   Section       20  system_stm32f4xx.o(.data)
    .data                                    0x20000068   Section       60  tasks.o(.data)
    uxDeletedTasksWaitingCleanUp             0x2000006c   Data           4  tasks.o(.data)
    uxCurrentNumberOfTasks                   0x20000070   Data           4  tasks.o(.data)
    xTickCount                               0x20000074   Data           4  tasks.o(.data)
    uxTopReadyPriority                       0x20000078   Data           4  tasks.o(.data)
    xSchedulerRunning                        0x2000007c   Data           4  tasks.o(.data)
    uxPendedTicks                            0x20000080   Data           4  tasks.o(.data)
    xYieldPending                            0x20000084   Data           4  tasks.o(.data)
    xNumOfOverflows                          0x20000088   Data           4  tasks.o(.data)
    uxTaskNumber                             0x2000008c   Data           4  tasks.o(.data)
    xNextTaskUnblockTime                     0x20000090   Data           4  tasks.o(.data)
    xIdleTaskHandle                          0x20000094   Data           4  tasks.o(.data)
    uxSchedulerSuspended                     0x20000098   Data           4  tasks.o(.data)
    pxDelayedTaskList                        0x2000009c   Data           4  tasks.o(.data)
    pxOverflowDelayedTaskList                0x200000a0   Data           4  tasks.o(.data)
    .data                                    0x200000a4   Section       20  timers.o(.data)
    xTimerQueue                              0x200000a4   Data           4  timers.o(.data)
    xTimerTaskHandle                         0x200000a8   Data           4  timers.o(.data)
    xLastTime                                0x200000ac   Data           4  timers.o(.data)
    pxCurrentTimerList                       0x200000b0   Data           4  timers.o(.data)
    pxOverflowTimerList                      0x200000b4   Data           4  timers.o(.data)
    .data                                    0x200000b8   Section       12  port.o(.data)
    uxCriticalNesting                        0x200000b8   Data           4  port.o(.data)
    ucMaxSysCallPriority                     0x200000bc   Data           1  port.o(.data)
    ulMaxPRIGROUPValue                       0x200000c0   Data           4  port.o(.data)
    .data                                    0x200000c4   Section       24  heap_4.o(.data)
    pxEnd                                    0x200000c4   Data           4  heap_4.o(.data)
    xFreeBytesRemaining                      0x200000c8   Data           4  heap_4.o(.data)
    xMinimumEverFreeBytesRemaining           0x200000cc   Data           4  heap_4.o(.data)
    xBlockAllocatedBit                       0x200000d0   Data           4  heap_4.o(.data)
    xStart                                   0x200000d4   Data           8  heap_4.o(.data)
    .bss                                     0x200000dc   Section       50  main.o(.bss)
    .bss                                     0x2000010e   Section        9  time3.o(.bss)
    .bss                                     0x20000117   Section      100  usart.o(.bss)
    .bss                                     0x2000017c   Section       64  queue.o(.bss)
    .bss                                     0x200001bc   Section      200  tasks.o(.bss)
    pxReadyTasksLists                        0x200001bc   Data         100  tasks.o(.bss)
    xDelayedTaskList1                        0x20000220   Data          20  tasks.o(.bss)
    xDelayedTaskList2                        0x20000234   Data          20  tasks.o(.bss)
    xPendingReadyList                        0x20000248   Data          20  tasks.o(.bss)
    xTasksWaitingTermination                 0x2000025c   Data          20  tasks.o(.bss)
    xSuspendedTaskList                       0x20000270   Data          20  tasks.o(.bss)
    .bss                                     0x20000284   Section       40  timers.o(.bss)
    xActiveTimerList1                        0x20000284   Data          20  timers.o(.bss)
    xActiveTimerList2                        0x20000298   Data          20  timers.o(.bss)
    .bss                                     0x200002ac   Section    76800  heap_4.o(.bss)
    ucHeap                                   0x200002ac   Data       76800  heap_4.o(.bss)
    STACK                                    0x20012eb0   Section     1024  startup_stm32f4xx.o(STACK)

    Global Symbols

    Symbol Name                              Value     Ov Type        Size  Object(Section)

    BuildAttributes$$THM_ISAv4$E$P$D$K$B$S$7EM$VFPi3$EXTD16$VFPS$VFMA$PE$A:L22UL41UL21$X:L11$S22US41US21$IEEE1$IW$USESV6$~STKCKD$USESV7$~SHL$OSPACE$ROPI$EBA8$MICROLIB$REQ8$PRES8$EABIv2 0x00000000   Number         0  anon$$obj.o ABSOLUTE
    __ARM_use_no_argv                        0x00000000   Number         0  main.o ABSOLUTE
    _printf_a                                0x00000000   Number         0  stubs.o ABSOLUTE
    _printf_c                                0x00000000   Number         0  stubs.o ABSOLUTE
    _printf_charcount                        0x00000000   Number         0  stubs.o ABSOLUTE
    _printf_d                                0x00000000   Number         0  stubs.o ABSOLUTE
    _printf_e                                0x00000000   Number         0  stubs.o ABSOLUTE
    _printf_f                                0x00000000   Number         0  stubs.o ABSOLUTE
    _printf_flags                            0x00000000   Number         0  stubs.o ABSOLUTE
    _printf_fp_dec                           0x00000000   Number         0  stubs.o ABSOLUTE
    _printf_fp_hex                           0x00000000   Number         0  stubs.o ABSOLUTE
    _printf_g                                0x00000000   Number         0  stubs.o ABSOLUTE
    _printf_i                                0x00000000   Number         0  stubs.o ABSOLUTE
    _printf_int_dec                          0x00000000   Number         0  stubs.o ABSOLUTE
    _printf_l                                0x00000000   Number         0  stubs.o ABSOLUTE
    _printf_lc                               0x00000000   Number         0  stubs.o ABSOLUTE
    _printf_ll                               0x00000000   Number         0  stubs.o ABSOLUTE
    _printf_lld                              0x00000000   Number         0  stubs.o ABSOLUTE
    _printf_lli                              0x00000000   Number         0  stubs.o ABSOLUTE
    _printf_llo                              0x00000000   Number         0  stubs.o ABSOLUTE
    _printf_llu                              0x00000000   Number         0  stubs.o ABSOLUTE
    _printf_llx                              0x00000000   Number         0  stubs.o ABSOLUTE
    _printf_longlong_dec                     0x00000000   Number         0  stubs.o ABSOLUTE
    _printf_longlong_hex                     0x00000000   Number         0  stubs.o ABSOLUTE
    _printf_longlong_oct                     0x00000000   Number         0  stubs.o ABSOLUTE
    _printf_ls                               0x00000000   Number         0  stubs.o ABSOLUTE
    _printf_mbtowc                           0x00000000   Number         0  stubs.o ABSOLUTE
    _printf_n                                0x00000000   Number         0  stubs.o ABSOLUTE
    _printf_o                                0x00000000   Number         0  stubs.o ABSOLUTE
    _printf_p                                0x00000000   Number         0  stubs.o ABSOLUTE
    _printf_percent                          0x00000000   Number         0  stubs.o ABSOLUTE
    _printf_pre_padding                      0x00000000   Number         0  stubs.o ABSOLUTE
    _printf_return_value                     0x00000000   Number         0  stubs.o ABSOLUTE
    _printf_s                                0x00000000   Number         0  stubs.o ABSOLUTE
    _printf_sizespec                         0x00000000   Number         0  stubs.o ABSOLUTE
    _printf_str                              0x00000000   Number         0  stubs.o ABSOLUTE
    _printf_truncate_signed                  0x00000000   Number         0  stubs.o ABSOLUTE
    _printf_truncate_unsigned                0x00000000   Number         0  stubs.o ABSOLUTE
    _printf_u                                0x00000000   Number         0  stubs.o ABSOLUTE
    _printf_wc                               0x00000000   Number         0  stubs.o ABSOLUTE
    _printf_wctomb                           0x00000000   Number         0  stubs.o ABSOLUTE
    _printf_widthprec                        0x00000000   Number         0  stubs.o ABSOLUTE
    _printf_x                                0x00000000   Number         0  stubs.o ABSOLUTE
    __cpp_initialize__aeabi_                  - Undefined Weak Reference
    __cxa_finalize                            - Undefined Weak Reference
    __decompress                              - Undefined Weak Reference
    _clock_init                               - Undefined Weak Reference
    _microlib_exit                            - Undefined Weak Reference
    __Vectors_Size                           0x00000188   Number         0  startup_stm32f4xx.o ABSOLUTE
    __Vectors                                0x08000000   Data           4  startup_stm32f4xx.o(RESET)
    __Vectors_End                            0x08000188   Data           0  startup_stm32f4xx.o(RESET)
    __main                                   0x08000189   Thumb Code     0  entry.o(.ARM.Collect$$$$00000000)
    _main_stk                                0x08000189   Thumb Code     0  entry2.o(.ARM.Collect$$$$00000001)
    _main_scatterload                        0x0800018d   Thumb Code     0  entry5.o(.ARM.Collect$$$$00000004)
    __main_after_scatterload                 0x08000191   Thumb Code     0  entry5.o(.ARM.Collect$$$$00000004)
    _main_clock                              0x08000191   Thumb Code     0  entry7b.o(.ARM.Collect$$$$00000008)
    _main_cpp_init                           0x08000191   Thumb Code     0  entry8b.o(.ARM.Collect$$$$0000000A)
    _main_init                               0x08000191   Thumb Code     0  entry9a.o(.ARM.Collect$$$$0000000B)
    __rt_final_cpp                           0x08000199   Thumb Code     0  entry10a.o(.ARM.Collect$$$$0000000D)
    __rt_final_exit                          0x08000199   Thumb Code     0  entry11a.o(.ARM.Collect$$$$0000000F)
    SVC_Handler                              0x0800019d   Thumb Code    28  port.o(.emb_text)
    __asm___6_port_c_39a90d8d__prvStartFirstTask 0x080001bd   Thumb Code    36  port.o(.emb_text)
    __asm___6_port_c_39a90d8d__prvEnableVFP  0x080001e5   Thumb Code    16  port.o(.emb_text)
    PendSV_Handler                           0x080001f9   Thumb Code    88  port.o(.emb_text)
    vPortGetIPSR                             0x08000255   Thumb Code     6  port.o(.emb_text)
    Reset_Handler                            0x0800025d   Thumb Code     8  startup_stm32f4xx.o(.text)
    ADC_IRQHandler                           0x08000277   Thumb Code     0  startup_stm32f4xx.o(.text)
    CAN1_RX0_IRQHandler                      0x08000277   Thumb Code     0  startup_stm32f4xx.o(.text)
    CAN1_RX1_IRQHandler                      0x08000277   Thumb Code     0  startup_stm32f4xx.o(.text)
    CAN1_SCE_IRQHandler                      0x08000277   Thumb Code     0  startup_stm32f4xx.o(.text)
    CAN1_TX_IRQHandler                       0x08000277   Thumb Code     0  startup_stm32f4xx.o(.text)
    CAN2_RX0_IRQHandler                      0x08000277   Thumb Code     0  startup_stm32f4xx.o(.text)
    CAN2_RX1_IRQHandler                      0x08000277   Thumb Code     0  startup_stm32f4xx.o(.text)
    CAN2_SCE_IRQHandler                      0x08000277   Thumb Code     0  startup_stm32f4xx.o(.text)
    CAN2_TX_IRQHandler                       0x08000277   Thumb Code     0  startup_stm32f4xx.o(.text)
    CRYP_IRQHandler                          0x08000277   Thumb Code     0  startup_stm32f4xx.o(.text)
    DCMI_IRQHandler                          0x08000277   Thumb Code     0  startup_stm32f4xx.o(.text)
    DMA1_Stream0_IRQHandler                  0x08000277   Thumb Code     0  startup_stm32f4xx.o(.text)
    DMA1_Stream1_IRQHandler                  0x08000277   Thumb Code     0  startup_stm32f4xx.o(.text)
    DMA1_Stream2_IRQHandler                  0x08000277   Thumb Code     0  startup_stm32f4xx.o(.text)
    DMA1_Stream3_IRQHandler                  0x08000277   Thumb Code     0  startup_stm32f4xx.o(.text)
    DMA1_Stream4_IRQHandler                  0x08000277   Thumb Code     0  startup_stm32f4xx.o(.text)
    DMA1_Stream5_IRQHandler                  0x08000277   Thumb Code     0  startup_stm32f4xx.o(.text)
    DMA1_Stream6_IRQHandler                  0x08000277   Thumb Code     0  startup_stm32f4xx.o(.text)
    DMA1_Stream7_IRQHandler                  0x08000277   Thumb Code     0  startup_stm32f4xx.o(.text)
    DMA2_Stream0_IRQHandler                  0x08000277   Thumb Code     0  startup_stm32f4xx.o(.text)
    DMA2_Stream1_IRQHandler                  0x08000277   Thumb Code     0  startup_stm32f4xx.o(.text)
    DMA2_Stream2_IRQHandler                  0x08000277   Thumb Code     0  startup_stm32f4xx.o(.text)
    DMA2_Stream3_IRQHandler                  0x08000277   Thumb Code     0  startup_stm32f4xx.o(.text)
    DMA2_Stream4_IRQHandler                  0x08000277   Thumb Code     0  startup_stm32f4xx.o(.text)
    DMA2_Stream5_IRQHandler                  0x08000277   Thumb Code     0  startup_stm32f4xx.o(.text)
    DMA2_Stream6_IRQHandler                  0x08000277   Thumb Code     0  startup_stm32f4xx.o(.text)
    DMA2_Stream7_IRQHandler                  0x08000277   Thumb Code     0  startup_stm32f4xx.o(.text)
    ETH_IRQHandler                           0x08000277   Thumb Code     0  startup_stm32f4xx.o(.text)
    ETH_WKUP_IRQHandler                      0x08000277   Thumb Code     0  startup_stm32f4xx.o(.text)
    EXTI0_IRQHandler                         0x08000277   Thumb Code     0  startup_stm32f4xx.o(.text)
    EXTI15_10_IRQHandler                     0x08000277   Thumb Code     0  startup_stm32f4xx.o(.text)
    EXTI1_IRQHandler                         0x08000277   Thumb Code     0  startup_stm32f4xx.o(.text)
    EXTI2_IRQHandler                         0x08000277   Thumb Code     0  startup_stm32f4xx.o(.text)
    EXTI3_IRQHandler                         0x08000277   Thumb Code     0  startup_stm32f4xx.o(.text)
    EXTI4_IRQHandler                         0x08000277   Thumb Code     0  startup_stm32f4xx.o(.text)
    EXTI9_5_IRQHandler                       0x08000277   Thumb Code     0  startup_stm32f4xx.o(.text)
    FLASH_IRQHandler                         0x08000277   Thumb Code     0  startup_stm32f4xx.o(.text)
    FPU_IRQHandler                           0x08000277   Thumb Code     0  startup_stm32f4xx.o(.text)
    FSMC_IRQHandler                          0x08000277   Thumb Code     0  startup_stm32f4xx.o(.text)
    HASH_RNG_IRQHandler                      0x08000277   Thumb Code     0  startup_stm32f4xx.o(.text)
    I2C1_ER_IRQHandler                       0x08000277   Thumb Code     0  startup_stm32f4xx.o(.text)
    I2C1_EV_IRQHandler                       0x08000277   Thumb Code     0  startup_stm32f4xx.o(.text)
    I2C2_ER_IRQHandler                       0x08000277   Thumb Code     0  startup_stm32f4xx.o(.text)
    I2C2_EV_IRQHandler                       0x08000277   Thumb Code     0  startup_stm32f4xx.o(.text)
    I2C3_ER_IRQHandler                       0x08000277   Thumb Code     0  startup_stm32f4xx.o(.text)
    I2C3_EV_IRQHandler                       0x08000277   Thumb Code     0  startup_stm32f4xx.o(.text)
    OTG_FS_IRQHandler                        0x08000277   Thumb Code     0  startup_stm32f4xx.o(.text)
    OTG_FS_WKUP_IRQHandler                   0x08000277   Thumb Code     0  startup_stm32f4xx.o(.text)
    OTG_HS_EP1_IN_IRQHandler                 0x08000277   Thumb Code     0  startup_stm32f4xx.o(.text)
    OTG_HS_EP1_OUT_IRQHandler                0x08000277   Thumb Code     0  startup_stm32f4xx.o(.text)
    OTG_HS_IRQHandler                        0x08000277   Thumb Code     0  startup_stm32f4xx.o(.text)
    OTG_HS_WKUP_IRQHandler                   0x08000277   Thumb Code     0  startup_stm32f4xx.o(.text)
    PVD_IRQHandler                           0x08000277   Thumb Code     0  startup_stm32f4xx.o(.text)
    RCC_IRQHandler                           0x08000277   Thumb Code     0  startup_stm32f4xx.o(.text)
    RTC_Alarm_IRQHandler                     0x08000277   Thumb Code     0  startup_stm32f4xx.o(.text)
    RTC_WKUP_IRQHandler                      0x08000277   Thumb Code     0  startup_stm32f4xx.o(.text)
    SDIO_IRQHandler                          0x08000277   Thumb Code     0  startup_stm32f4xx.o(.text)
    SPI1_IRQHandler                          0x08000277   Thumb Code     0  startup_stm32f4xx.o(.text)
    SPI2_IRQHandler                          0x08000277   Thumb Code     0  startup_stm32f4xx.o(.text)
    SPI3_IRQHandler                          0x08000277   Thumb Code     0  startup_stm32f4xx.o(.text)
    TAMP_STAMP_IRQHandler                    0x08000277   Thumb Code     0  startup_stm32f4xx.o(.text)
    TIM1_BRK_TIM9_IRQHandler                 0x08000277   Thumb Code     0  startup_stm32f4xx.o(.text)
    TIM1_CC_IRQHandler                       0x08000277   Thumb Code     0  startup_stm32f4xx.o(.text)
    TIM1_TRG_COM_TIM11_IRQHandler            0x08000277   Thumb Code     0  startup_stm32f4xx.o(.text)
    TIM1_UP_TIM10_IRQHandler                 0x08000277   Thumb Code     0  startup_stm32f4xx.o(.text)
    TIM2_IRQHandler                          0x08000277   Thumb Code     0  startup_stm32f4xx.o(.text)
    TIM4_IRQHandler                          0x08000277   Thumb Code     0  startup_stm32f4xx.o(.text)
    TIM5_IRQHandler                          0x08000277   Thumb Code     0  startup_stm32f4xx.o(.text)
    TIM6_DAC_IRQHandler                      0x08000277   Thumb Code     0  startup_stm32f4xx.o(.text)
    TIM7_IRQHandler                          0x08000277   Thumb Code     0  startup_stm32f4xx.o(.text)
    TIM8_BRK_TIM12_IRQHandler                0x08000277   Thumb Code     0  startup_stm32f4xx.o(.text)
    TIM8_CC_IRQHandler                       0x08000277   Thumb Code     0  startup_stm32f4xx.o(.text)
    TIM8_TRG_COM_TIM14_IRQHandler            0x08000277   Thumb Code     0  startup_stm32f4xx.o(.text)
    TIM8_UP_TIM13_IRQHandler                 0x08000277   Thumb Code     0  startup_stm32f4xx.o(.text)
    UART4_IRQHandler                         0x08000277   Thumb Code     0  startup_stm32f4xx.o(.text)
    UART5_IRQHandler                         0x08000277   Thumb Code     0  startup_stm32f4xx.o(.text)
    USART2_IRQHandler                        0x08000277   Thumb Code     0  startup_stm32f4xx.o(.text)
    USART3_IRQHandler                        0x08000277   Thumb Code     0  startup_stm32f4xx.o(.text)
    USART6_IRQHandler                        0x08000277   Thumb Code     0  startup_stm32f4xx.o(.text)
    WWDG_IRQHandler                          0x08000277   Thumb Code     0  startup_stm32f4xx.o(.text)
    led1_task                                0x08000281   Thumb Code    58  main.o(.text)
    led0_task                                0x080002bb   Thumb Code    90  main.o(.text)
    start_task                               0x08000315   Thumb Code    58  main.o(.text)
    main                                     0x0800034f   Thumb Code    58  main.o(.text)
    SysTick_Handler                          0x080003f9   Thumb Code    16  delay.o(.text)
    delay_Init                               0x08000409   Thumb Code    58  delay.o(.text)
    delay_us                                 0x08000443   Thumb Code    68  delay.o(.text)
    delay_ms                                 0x08000487   Thumb Code    60  delay.o(.text)
    delay_xms                                0x080004c3   Thumb Code    24  delay.o(.text)
    time3_config                             0x080004e5   Thumb Code    86  time3.o(.text)
    TIM3_IRQHandler                          0x0800053b   Thumb Code    56  time3.o(.text)
    SysTimerMaintain                         0x08000573   Thumb Code   532  time3.o(.text)
    my_time                                  0x08000787   Thumb Code   176  time3.o(.text)
    Led_config                               0x0800087d   Thumb Code    48  led.o(.text)
    My_USART1_Init                           0x080008b1   Thumb Code   168  usart.o(.text)
    USART1_IRQHandler                        0x08000959   Thumb Code   316  usart.o(.text)
    usart_send                               0x08000a95   Thumb Code    64  usart.o(.text)
    GPIO_DeInit                              0x08000af1   Thumb Code   220  stm32f4xx_gpio.o(.text)
    GPIO_Init                                0x08000bcd   Thumb Code   144  stm32f4xx_gpio.o(.text)
    GPIO_StructInit                          0x08000c5d   Thumb Code    18  stm32f4xx_gpio.o(.text)
    GPIO_PinLockConfig                       0x08000c6f   Thumb Code    34  stm32f4xx_gpio.o(.text)
    GPIO_ReadInputDataBit                    0x08000c91   Thumb Code    18  stm32f4xx_gpio.o(.text)
    GPIO_ReadInputData                       0x08000ca3   Thumb Code     8  stm32f4xx_gpio.o(.text)
    GPIO_ReadOutputDataBit                   0x08000cab   Thumb Code    18  stm32f4xx_gpio.o(.text)
    GPIO_ReadOutputData                      0x08000cbd   Thumb Code     8  stm32f4xx_gpio.o(.text)
    GPIO_SetBits                             0x08000cc5   Thumb Code     4  stm32f4xx_gpio.o(.text)
    GPIO_ResetBits                           0x08000cc9   Thumb Code     4  stm32f4xx_gpio.o(.text)
    GPIO_WriteBit                            0x08000ccd   Thumb Code    10  stm32f4xx_gpio.o(.text)
    GPIO_Write                               0x08000cd7   Thumb Code     4  stm32f4xx_gpio.o(.text)
    GPIO_ToggleBits                          0x08000cdb   Thumb Code     8  stm32f4xx_gpio.o(.text)
    GPIO_PinAFConfig                         0x08000ce3   Thumb Code    70  stm32f4xx_gpio.o(.text)
    RCC_DeInit                               0x08000d4d   Thumb Code    60  stm32f4xx_rcc.o(.text)
    RCC_HSEConfig                            0x08000d89   Thumb Code    14  stm32f4xx_rcc.o(.text)
    RCC_GetFlagStatus                        0x08000d97   Thumb Code    60  stm32f4xx_rcc.o(.text)
    RCC_WaitForHSEStartUp                    0x08000dd3   Thumb Code    56  stm32f4xx_rcc.o(.text)
    RCC_AdjustHSICalibrationValue            0x08000e0b   Thumb Code    20  stm32f4xx_rcc.o(.text)
    RCC_HSICmd                               0x08000e1f   Thumb Code     6  stm32f4xx_rcc.o(.text)
    RCC_LSEConfig                            0x08000e25   Thumb Code    46  stm32f4xx_rcc.o(.text)
    RCC_LSICmd                               0x08000e53   Thumb Code     6  stm32f4xx_rcc.o(.text)
    RCC_PLLConfig                            0x08000e59   Thumb Code    32  stm32f4xx_rcc.o(.text)
    RCC_PLLCmd                               0x08000e79   Thumb Code     6  stm32f4xx_rcc.o(.text)
    RCC_PLLI2SConfig                         0x08000e7f   Thumb Code    14  stm32f4xx_rcc.o(.text)
    RCC_PLLI2SCmd                            0x08000e8d   Thumb Code     6  stm32f4xx_rcc.o(.text)
    RCC_ClockSecuritySystemCmd               0x08000e93   Thumb Code     6  stm32f4xx_rcc.o(.text)
    RCC_MCO1Config                           0x08000e99   Thumb Code    28  stm32f4xx_rcc.o(.text)
    RCC_MCO2Config                           0x08000eb5   Thumb Code    28  stm32f4xx_rcc.o(.text)
    RCC_SYSCLKConfig                         0x08000ed1   Thumb Code    20  stm32f4xx_rcc.o(.text)
    RCC_GetSYSCLKSource                      0x08000ee5   Thumb Code    12  stm32f4xx_rcc.o(.text)
    RCC_HCLKConfig                           0x08000ef1   Thumb Code    20  stm32f4xx_rcc.o(.text)
    RCC_PCLK1Config                          0x08000f05   Thumb Code    20  stm32f4xx_rcc.o(.text)
    RCC_PCLK2Config                          0x08000f19   Thumb Code    22  stm32f4xx_rcc.o(.text)
    RCC_GetClocksFreq                        0x08000f2f   Thumb Code   222  stm32f4xx_rcc.o(.text)
    RCC_RTCCLKConfig                         0x0800100d   Thumb Code    54  stm32f4xx_rcc.o(.text)
    RCC_RTCCLKCmd                            0x08001043   Thumb Code     8  stm32f4xx_rcc.o(.text)
    RCC_BackupResetCmd                       0x0800104b   Thumb Code     8  stm32f4xx_rcc.o(.text)
    RCC_I2SCLKConfig                         0x08001053   Thumb Code     6  stm32f4xx_rcc.o(.text)
    RCC_AHB1PeriphClockCmd                   0x08001059   Thumb Code    34  stm32f4xx_rcc.o(.text)
    RCC_AHB2PeriphClockCmd                   0x0800107b   Thumb Code    34  stm32f4xx_rcc.o(.text)
    RCC_AHB3PeriphClockCmd                   0x0800109d   Thumb Code    34  stm32f4xx_rcc.o(.text)
    RCC_APB1PeriphClockCmd                   0x080010bf   Thumb Code    34  stm32f4xx_rcc.o(.text)
    RCC_APB2PeriphClockCmd                   0x080010e1   Thumb Code    34  stm32f4xx_rcc.o(.text)
    RCC_AHB1PeriphResetCmd                   0x08001103   Thumb Code    34  stm32f4xx_rcc.o(.text)
    RCC_AHB2PeriphResetCmd                   0x08001125   Thumb Code    72  stm32f4xx_rcc.o(.text)
    RCC_AHB3PeriphResetCmd                   0x0800116d   Thumb Code    34  stm32f4xx_rcc.o(.text)
    RCC_APB1PeriphResetCmd                   0x0800118f   Thumb Code    34  stm32f4xx_rcc.o(.text)
    RCC_APB2PeriphResetCmd                   0x080011b1   Thumb Code    34  stm32f4xx_rcc.o(.text)
    RCC_AHB1PeriphClockLPModeCmd             0x080011d3   Thumb Code    34  stm32f4xx_rcc.o(.text)
    RCC_AHB2PeriphClockLPModeCmd             0x080011f5   Thumb Code    34  stm32f4xx_rcc.o(.text)
    RCC_AHB3PeriphClockLPModeCmd             0x08001217   Thumb Code    34  stm32f4xx_rcc.o(.text)
    RCC_APB1PeriphClockLPModeCmd             0x08001239   Thumb Code    34  stm32f4xx_rcc.o(.text)
    RCC_APB2PeriphClockLPModeCmd             0x0800125b   Thumb Code    34  stm32f4xx_rcc.o(.text)
    RCC_ITConfig                             0x0800127d   Thumb Code    34  stm32f4xx_rcc.o(.text)
    RCC_ClearFlag                            0x0800129f   Thumb Code    18  stm32f4xx_rcc.o(.text)
    RCC_GetITStatus                          0x080012b1   Thumb Code    22  stm32f4xx_rcc.o(.text)
    RCC_ClearITPendingBit                    0x080012c7   Thumb Code     8  stm32f4xx_rcc.o(.text)
    NMI_Handler                              0x080012d5   Thumb Code     2  stm32f4xx_it.o(.text)
    HardFault_Handler                        0x080012d7   Thumb Code     4  stm32f4xx_it.o(.text)
    MemManage_Handler                        0x080012db   Thumb Code     4  stm32f4xx_it.o(.text)
    BusFault_Handler                         0x080012df   Thumb Code     4  stm32f4xx_it.o(.text)
    UsageFault_Handler                       0x080012e3   Thumb Code     4  stm32f4xx_it.o(.text)
    DebugMon_Handler                         0x080012e7   Thumb Code     2  stm32f4xx_it.o(.text)
    NVIC_PriorityGroupConfig                 0x080012e9   Thumb Code    10  misc.o(.text)
    NVIC_Init                                0x080012f3   Thumb Code   108  misc.o(.text)
    NVIC_SetVectorTable                      0x0800135f   Thumb Code    14  misc.o(.text)
    NVIC_SystemLPConfig                      0x0800136d   Thumb Code    34  misc.o(.text)
    SysTick_CLKSourceConfig                  0x0800138f   Thumb Code    40  misc.o(.text)
    TIM_DeInit                               0x080013cd   Thumb Code   346  stm32f4xx_tim.o(.text)
    TIM_TimeBaseInit                         0x08001527   Thumb Code   104  stm32f4xx_tim.o(.text)
    TIM_TimeBaseStructInit                   0x0800158f   Thumb Code    18  stm32f4xx_tim.o(.text)
    TIM_PrescalerConfig                      0x080015a1   Thumb Code     6  stm32f4xx_tim.o(.text)
    TIM_CounterModeConfig                    0x080015a7   Thumb Code    18  stm32f4xx_tim.o(.text)
    TIM_SetCounter                           0x080015b9   Thumb Code     4  stm32f4xx_tim.o(.text)
    TIM_SetAutoreload                        0x080015bd   Thumb Code     4  stm32f4xx_tim.o(.text)
    TIM_GetCounter                           0x080015c1   Thumb Code     6  stm32f4xx_tim.o(.text)
    TIM_GetPrescaler                         0x080015c7   Thumb Code     6  stm32f4xx_tim.o(.text)
    TIM_UpdateDisableConfig                  0x080015cd   Thumb Code    24  stm32f4xx_tim.o(.text)
    TIM_UpdateRequestConfig                  0x080015e5   Thumb Code    24  stm32f4xx_tim.o(.text)
    TIM_ARRPreloadConfig                     0x080015fd   Thumb Code    24  stm32f4xx_tim.o(.text)
    TIM_SelectOnePulseMode                   0x08001615   Thumb Code    18  stm32f4xx_tim.o(.text)
    TIM_SetClockDivision                     0x08001627   Thumb Code    18  stm32f4xx_tim.o(.text)
    TIM_Cmd                                  0x08001639   Thumb Code    24  stm32f4xx_tim.o(.text)
    TIM_OC1Init                              0x08001651   Thumb Code   114  stm32f4xx_tim.o(.text)
    TIM_OC2Init                              0x080016c3   Thumb Code   154  stm32f4xx_tim.o(.text)
    TIM_OC3Init                              0x0800175d   Thumb Code   204  stm32f4xx_tim.o(.text)
    TIM_OC4Init                              0x08001829   Thumb Code   112  stm32f4xx_tim.o(.text)
    TIM_OCStructInit                         0x08001899   Thumb Code    20  stm32f4xx_tim.o(.text)
    TIM_SelectOCxM                           0x080018ad   Thumb Code    86  stm32f4xx_tim.o(.text)
    TIM_SetCompare1                          0x08001903   Thumb Code     4  stm32f4xx_tim.o(.text)
    TIM_SetCompare2                          0x08001907   Thumb Code     4  stm32f4xx_tim.o(.text)
    TIM_SetCompare3                          0x0800190b   Thumb Code     4  stm32f4xx_tim.o(.text)
    TIM_SetCompare4                          0x0800190f   Thumb Code     4  stm32f4xx_tim.o(.text)
    TIM_ForcedOC1Config                      0x08001913   Thumb Code    18  stm32f4xx_tim.o(.text)
    TIM_ForcedOC2Config                      0x08001925   Thumb Code    26  stm32f4xx_tim.o(.text)
    TIM_ForcedOC3Config                      0x0800193f   Thumb Code    18  stm32f4xx_tim.o(.text)
    TIM_ForcedOC4Config                      0x08001951   Thumb Code    26  stm32f4xx_tim.o(.text)
    TIM_OC1PreloadConfig                     0x0800196b   Thumb Code    18  stm32f4xx_tim.o(.text)
    TIM_OC2PreloadConfig                     0x0800197d   Thumb Code    26  stm32f4xx_tim.o(.text)
    TIM_OC3PreloadConfig                     0x08001997   Thumb Code    18  stm32f4xx_tim.o(.text)
    TIM_OC4PreloadConfig                     0x080019a9   Thumb Code    26  stm32f4xx_tim.o(.text)
    TIM_OC1FastConfig                        0x080019c3   Thumb Code    18  stm32f4xx_tim.o(.text)
    TIM_OC2FastConfig                        0x080019d5   Thumb Code    26  stm32f4xx_tim.o(.text)
    TIM_OC3FastConfig                        0x080019ef   Thumb Code    18  stm32f4xx_tim.o(.text)
    TIM_OC4FastConfig                        0x08001a01   Thumb Code    26  stm32f4xx_tim.o(.text)
    TIM_ClearOC1Ref                          0x08001a1b   Thumb Code    18  stm32f4xx_tim.o(.text)
    TIM_ClearOC2Ref                          0x08001a2d   Thumb Code    24  stm32f4xx_tim.o(.text)
    TIM_ClearOC3Ref                          0x08001a45   Thumb Code    18  stm32f4xx_tim.o(.text)
    TIM_ClearOC4Ref                          0x08001a57   Thumb Code    24  stm32f4xx_tim.o(.text)
    TIM_OC1PolarityConfig                    0x08001a6f   Thumb Code    18  stm32f4xx_tim.o(.text)
    TIM_OC1NPolarityConfig                   0x08001a81   Thumb Code    18  stm32f4xx_tim.o(.text)
    TIM_OC2PolarityConfig                    0x08001a93   Thumb Code    26  stm32f4xx_tim.o(.text)
    TIM_OC2NPolarityConfig                   0x08001aad   Thumb Code    26  stm32f4xx_tim.o(.text)
    TIM_OC3PolarityConfig                    0x08001ac7   Thumb Code    26  stm32f4xx_tim.o(.text)
    TIM_OC3NPolarityConfig                   0x08001ae1   Thumb Code    26  stm32f4xx_tim.o(.text)
    TIM_OC4PolarityConfig                    0x08001afb   Thumb Code    26  stm32f4xx_tim.o(.text)
    TIM_CCxCmd                               0x08001b15   Thumb Code    30  stm32f4xx_tim.o(.text)
    TIM_CCxNCmd                              0x08001b33   Thumb Code    30  stm32f4xx_tim.o(.text)
    TIM_SetIC4Prescaler                      0x08001b51   Thumb Code    26  stm32f4xx_tim.o(.text)
    TIM_SetIC3Prescaler                      0x08001bbb   Thumb Code    18  stm32f4xx_tim.o(.text)
    TIM_SetIC2Prescaler                      0x08001c15   Thumb Code    26  stm32f4xx_tim.o(.text)
    TIM_SetIC1Prescaler                      0x08001c89   Thumb Code    18  stm32f4xx_tim.o(.text)
    TIM_ICInit                               0x08001cd5   Thumb Code   110  stm32f4xx_tim.o(.text)
    TIM_ICStructInit                         0x08001d43   Thumb Code    18  stm32f4xx_tim.o(.text)
    TIM_PWMIConfig                           0x08001d55   Thumb Code   124  stm32f4xx_tim.o(.text)
    TIM_GetCapture1                          0x08001dd1   Thumb Code     6  stm32f4xx_tim.o(.text)
    TIM_GetCapture2                          0x08001dd7   Thumb Code     6  stm32f4xx_tim.o(.text)
    TIM_GetCapture3                          0x08001ddd   Thumb Code     6  stm32f4xx_tim.o(.text)
    TIM_GetCapture4                          0x08001de3   Thumb Code     6  stm32f4xx_tim.o(.text)
    TIM_BDTRConfig                           0x08001de9   Thumb Code    32  stm32f4xx_tim.o(.text)
    TIM_BDTRStructInit                       0x08001e09   Thumb Code    18  stm32f4xx_tim.o(.text)
    TIM_CtrlPWMOutputs                       0x08001e1b   Thumb Code    30  stm32f4xx_tim.o(.text)
    TIM_SelectCOM                            0x08001e39   Thumb Code    24  stm32f4xx_tim.o(.text)
    TIM_CCPreloadControl                     0x08001e51   Thumb Code    24  stm32f4xx_tim.o(.text)
    TIM_ITConfig                             0x08001e69   Thumb Code    18  stm32f4xx_tim.o(.text)
    TIM_GenerateEvent                        0x08001e7b   Thumb Code     4  stm32f4xx_tim.o(.text)
    TIM_GetFlagStatus                        0x08001e7f   Thumb Code    18  stm32f4xx_tim.o(.text)
    TIM_ClearFlag                            0x08001e91   Thumb Code     6  stm32f4xx_tim.o(.text)
    TIM_GetITStatus                          0x08001e97   Thumb Code    34  stm32f4xx_tim.o(.text)
    TIM_ClearITPendingBit                    0x08001eb9   Thumb Code     6  stm32f4xx_tim.o(.text)
    TIM_DMAConfig                            0x08001ebf   Thumb Code    10  stm32f4xx_tim.o(.text)
    TIM_DMACmd                               0x08001ec9   Thumb Code    18  stm32f4xx_tim.o(.text)
    TIM_SelectCCDMA                          0x08001edb   Thumb Code    24  stm32f4xx_tim.o(.text)
    TIM_InternalClockConfig                  0x08001ef3   Thumb Code    12  stm32f4xx_tim.o(.text)
    TIM_SelectInputTrigger                   0x08001eff   Thumb Code    18  stm32f4xx_tim.o(.text)
    TIM_ITRxExternalClockConfig              0x08001f11   Thumb Code    24  stm32f4xx_tim.o(.text)
    TIM_TIxExternalClockConfig               0x08001f29   Thumb Code    62  stm32f4xx_tim.o(.text)
    TIM_ETRConfig                            0x08001f67   Thumb Code    28  stm32f4xx_tim.o(.text)
    TIM_ETRClockMode1Config                  0x08001f83   Thumb Code    54  stm32f4xx_tim.o(.text)
    TIM_ETRClockMode2Config                  0x08001fb9   Thumb Code    32  stm32f4xx_tim.o(.text)
    TIM_SelectOutputTrigger                  0x08001fd9   Thumb Code    18  stm32f4xx_tim.o(.text)
    TIM_SelectSlaveMode                      0x08001feb   Thumb Code    18  stm32f4xx_tim.o(.text)
    TIM_SelectMasterSlaveMode                0x08001ffd   Thumb Code    18  stm32f4xx_tim.o(.text)
    TIM_EncoderInterfaceConfig               0x0800200f   Thumb Code    66  stm32f4xx_tim.o(.text)
    TIM_SelectHallSensor                     0x08002051   Thumb Code    24  stm32f4xx_tim.o(.text)
    TIM_RemapConfig                          0x08002069   Thumb Code     6  stm32f4xx_tim.o(.text)
    USART_DeInit                             0x08002071   Thumb Code   156  stm32f4xx_usart.o(.text)
    USART_Init                               0x0800210d   Thumb Code   204  stm32f4xx_usart.o(.text)
    USART_StructInit                         0x080021d9   Thumb Code    24  stm32f4xx_usart.o(.text)
    USART_ClockInit                          0x080021f1   Thumb Code    32  stm32f4xx_usart.o(.text)
    USART_ClockStructInit                    0x08002211   Thumb Code    12  stm32f4xx_usart.o(.text)
    USART_Cmd                                0x0800221d   Thumb Code    24  stm32f4xx_usart.o(.text)
    USART_SetPrescaler                       0x08002235   Thumb Code    16  stm32f4xx_usart.o(.text)
    USART_OverSampling8Cmd                   0x08002245   Thumb Code    22  stm32f4xx_usart.o(.text)
    USART_OneBitMethodCmd                    0x0800225b   Thumb Code    24  stm32f4xx_usart.o(.text)
    USART_SendData                           0x08002273   Thumb Code     8  stm32f4xx_usart.o(.text)
    USART_ReceiveData                        0x0800227b   Thumb Code    10  stm32f4xx_usart.o(.text)
    USART_SetAddress                         0x08002285   Thumb Code    18  stm32f4xx_usart.o(.text)
    USART_ReceiverWakeUpCmd                  0x08002297   Thumb Code    24  stm32f4xx_usart.o(.text)
    USART_WakeUpConfig                       0x080022af   Thumb Code    18  stm32f4xx_usart.o(.text)
    USART_LINBreakDetectLengthConfig         0x080022c1   Thumb Code    18  stm32f4xx_usart.o(.text)
    USART_LINCmd                             0x080022d3   Thumb Code    24  stm32f4xx_usart.o(.text)
    USART_SendBreak                          0x080022eb   Thumb Code    10  stm32f4xx_usart.o(.text)
    USART_HalfDuplexCmd                      0x080022f5   Thumb Code    24  stm32f4xx_usart.o(.text)
    USART_SetGuardTime                       0x0800230d   Thumb Code    16  stm32f4xx_usart.o(.text)
    USART_SmartCardCmd                       0x0800231d   Thumb Code    24  stm32f4xx_usart.o(.text)
    USART_SmartCardNACKCmd                   0x08002335   Thumb Code    24  stm32f4xx_usart.o(.text)
    USART_IrDAConfig                         0x0800234d   Thumb Code    18  stm32f4xx_usart.o(.text)
    USART_IrDACmd                            0x0800235f   Thumb Code    24  stm32f4xx_usart.o(.text)
    USART_DMACmd                             0x08002377   Thumb Code    18  stm32f4xx_usart.o(.text)
    USART_ITConfig                           0x08002389   Thumb Code    74  stm32f4xx_usart.o(.text)
    USART_GetFlagStatus                      0x080023d3   Thumb Code    26  stm32f4xx_usart.o(.text)
    USART_ClearFlag                          0x080023ed   Thumb Code    18  stm32f4xx_usart.o(.text)
    USART_GetITStatus                        0x080023ff   Thumb Code   110  stm32f4xx_usart.o(.text)
    USART_ClearITPendingBit                  0x0800246d   Thumb Code    30  stm32f4xx_usart.o(.text)
    SystemInit                               0x08002567   Thumb Code    88  system_stm32f4xx.o(.text)
    SystemCoreClockUpdate                    0x080025bf   Thumb Code   174  system_stm32f4xx.o(.text)
    vListInitialise                          0x08002699   Thumb Code    26  list.o(.text)
    vListInitialiseItem                      0x080026b3   Thumb Code     6  list.o(.text)
    vListInsertEnd                           0x080026b9   Thumb Code    24  list.o(.text)
    vListInsert                              0x080026d1   Thumb Code    52  list.o(.text)
    uxListRemove                             0x08002705   Thumb Code    40  list.o(.text)
    xQueueGenericReset                       0x0800272d   Thumb Code   146  queue.o(.text)
    xQueueGenericCreate                      0x080027e9   Thumb Code    88  queue.o(.text)
    xQueueGenericSend                        0x08002959   Thumb Code   416  queue.o(.text)
    xQueueCreateMutex                        0x08002b15   Thumb Code    34  queue.o(.text)
    xQueueGiveMutexRecursive                 0x08002b37   Thumb Code    76  queue.o(.text)
    xQueueSemaphoreTake                      0x08002bb1   Thumb Code   430  queue.o(.text)
    xQueueTakeMutexRecursive                 0x08002d5f   Thumb Code    78  queue.o(.text)
    xQueueCreateCountingSemaphore            0x08002dad   Thumb Code    92  queue.o(.text)
    xQueueGenericSendFromISR                 0x08002e09   Thumb Code   248  queue.o(.text)
    xQueueGiveFromISR                        0x08002f01   Thumb Code   224  queue.o(.text)
    xQueueReceive                            0x0800300b   Thumb Code   358  queue.o(.text)
    xQueuePeek                               0x08003171   Thumb Code   358  queue.o(.text)
    xQueueReceiveFromISR                     0x080032d7   Thumb Code   202  queue.o(.text)
    xQueuePeekFromISR                        0x080033a1   Thumb Code   176  queue.o(.text)
    uxQueueMessagesWaiting                   0x08003451   Thumb Code    42  queue.o(.text)
    uxQueueSpacesAvailable                   0x0800347b   Thumb Code    52  queue.o(.text)
    uxQueueMessagesWaitingFromISR            0x080034af   Thumb Code    30  queue.o(.text)
    vQueueUnregisterQueue                    0x080034cd   Thumb Code    44  queue.o(.text)
    vQueueDelete                             0x080034f9   Thumb Code    44  queue.o(.text)
    uxQueueGetQueueNumber                    0x08003525   Thumb Code     6  queue.o(.text)
    vQueueSetQueueNumber                     0x0800352b   Thumb Code     4  queue.o(.text)
    ucQueueGetQueueType                      0x0800352f   Thumb Code     8  queue.o(.text)
    xQueueIsQueueEmptyFromISR                0x08003537   Thumb Code    38  queue.o(.text)
    xQueueIsQueueFullFromISR                 0x0800355d   Thumb Code    42  queue.o(.text)
    vQueueAddToRegistry                      0x08003587   Thumb Code    38  queue.o(.text)
    pcQueueGetName                           0x080035ad   Thumb Code    38  queue.o(.text)
    vQueueWaitForMessageRestricted           0x080035d3   Thumb Code    70  queue.o(.text)
    xTaskCreate                              0x080037b3   Thumb Code    96  tasks.o(.text)
    vTaskDelete                              0x0800384f   Thumb Code   202  tasks.o(.text)
    xTaskIncrementTick                       0x08003919   Thumb Code   358  tasks.o(.text)
    xTaskResumeAll                           0x08003a7f   Thumb Code   224  tasks.o(.text)
    vTaskSuspendAll                          0x08003bdb   Thumb Code    12  tasks.o(.text)
    vTaskDelayUntil                          0x08003be7   Thumb Code   200  tasks.o(.text)
    vTaskDelay                               0x08003caf   Thumb Code    82  tasks.o(.text)
    eTaskGetState                            0x08003d01   Thumb Code   112  tasks.o(.text)
    uxTaskPriorityGet                        0x08003d71   Thumb Code    30  tasks.o(.text)
    uxTaskPriorityGetFromISR                 0x08003d8f   Thumb Code    62  tasks.o(.text)
    vTaskPrioritySet                         0x08003dcd   Thumb Code   322  tasks.o(.text)
    vTaskSwitchContext                       0x08003f0f   Thumb Code   118  tasks.o(.text)
    vTaskSuspend                             0x08003f85   Thumb Code   210  tasks.o(.text)
    vTaskResume                              0x080040a7   Thumb Code   128  tasks.o(.text)
    xTaskResumeFromISR                       0x08004127   Thumb Code   158  tasks.o(.text)
    vTaskStartScheduler                      0x08004221   Thumb Code   192  tasks.o(.text)
    vTaskEndScheduler                        0x080042e1   Thumb Code    32  tasks.o(.text)
    xTaskGetTickCount                        0x08004301   Thumb Code     6  tasks.o(.text)
    xTaskGetTickCountFromISR                 0x08004307   Thumb Code    16  tasks.o(.text)
    uxTaskGetNumberOfTasks                   0x08004317   Thumb Code     6  tasks.o(.text)
    pcTaskGetName                            0x0800431d   Thumb Code    44  tasks.o(.text)
    vTaskGetInfo                             0x0800435f   Thumb Code   126  tasks.o(.text)
    uxTaskGetSystemState                     0x08004447   Thumb Code   152  tasks.o(.text)
    vTaskPlaceOnEventList                    0x080044df   Thumb Code    52  tasks.o(.text)
    vTaskPlaceOnUnorderedEventList           0x08004513   Thumb Code   100  tasks.o(.text)
    vTaskPlaceOnEventListRestricted          0x08004577   Thumb Code    60  tasks.o(.text)
    xTaskRemoveFromEventList                 0x080045b3   Thumb Code   128  tasks.o(.text)
    vTaskRemoveFromUnorderedEventList        0x08004633   Thumb Code   142  tasks.o(.text)
    vTaskSetTimeOutState                     0x080046c1   Thumb Code   102  tasks.o(.text)
    vTaskInternalSetTimeOutState             0x08004727   Thumb Code    14  tasks.o(.text)
    xTaskCheckForTimeOut                     0x08004735   Thumb Code   132  tasks.o(.text)
    vTaskMissedYield                         0x080047b9   Thumb Code     8  tasks.o(.text)
    uxTaskGetTaskNumber                      0x080047c1   Thumb Code    14  tasks.o(.text)
    vTaskSetTaskNumber                       0x080047cf   Thumb Code     8  tasks.o(.text)
    xTaskGetCurrentTaskHandle                0x080047d7   Thumb Code     6  tasks.o(.text)
    xTaskGetSchedulerState                   0x080047dd   Thumb Code    24  tasks.o(.text)
    xTaskPriorityInherit                     0x080047f5   Thumb Code   186  tasks.o(.text)
    xTaskPriorityDisinherit                  0x080048af   Thumb Code   188  tasks.o(.text)
    vTaskPriorityDisinheritAfterTimeout      0x0800496b   Thumb Code   230  tasks.o(.text)
    uxTaskResetEventItemValue                0x08004a51   Thumb Code    24  tasks.o(.text)
    pvTaskIncrementMutexHeldCount            0x08004a69   Thumb Code    26  tasks.o(.text)
    ulTaskNotifyTake                         0x08004a83   Thumb Code   108  tasks.o(.text)
    xTaskNotifyWait                          0x08004aef   Thumb Code   188  tasks.o(.text)
    xTaskGenericNotify                       0x08004bab   Thumb Code   242  tasks.o(.text)
    xTaskGenericNotifyFromISR                0x08004c9d   Thumb Code   298  tasks.o(.text)
    vTaskNotifyGiveFromISR                   0x08004dc7   Thumb Code   216  tasks.o(.text)
    xTaskNotifyStateClear                    0x08004e9f   Thumb Code    48  tasks.o(.text)
    xTimerGenericCommand                     0x08004f3d   Thumb Code   126  timers.o(.text)
    xTimerCreateTimerTask                    0x080052b3   Thumb Code   118  timers.o(.text)
    xTimerCreate                             0x08005377   Thumb Code    48  timers.o(.text)
    xTimerGetTimerDaemonTaskHandle           0x080053a7   Thumb Code    42  timers.o(.text)
    xTimerGetPeriod                          0x080053d1   Thumb Code    32  timers.o(.text)
    xTimerGetExpiryTime                      0x080053f1   Thumb Code    34  timers.o(.text)
    pcTimerGetName                           0x08005413   Thumb Code    32  timers.o(.text)
    xTimerIsTimerActive                      0x08005433   Thumb Code    56  timers.o(.text)
    pvTimerGetTimerID                        0x0800546b   Thumb Code    44  timers.o(.text)
    vTimerSetTimerID                         0x08005497   Thumb Code    44  timers.o(.text)
    uxTimerGetTimerNumber                    0x080054c3   Thumb Code     6  timers.o(.text)
    vTimerSetTimerNumber                     0x080054c9   Thumb Code     4  timers.o(.text)
    pxPortInitialiseStack                    0x0800550d   Thumb Code    38  port.o(.text)
    vPortSetupTimerInterrupt                 0x08005533   Thumb Code    36  port.o(.text)
    xPortStartScheduler                      0x08005557   Thumb Code   330  port.o(.text)
    vPortEndScheduler                        0x080056a1   Thumb Code    42  port.o(.text)
    vPortEnterCritical                       0x080056cb   Thumb Code    80  port.o(.text)
    vPortExitCritical                        0x0800571b   Thumb Code    56  port.o(.text)
    xPortSysTickHandler                      0x08005753   Thumb Code    48  port.o(.text)
    vPortValidateInterruptPriority           0x08005783   Thumb Code   110  port.o(.text)
    pvPortMalloc                             0x080058d7   Thumb Code   294  heap_4.o(.text)
    vPortFree                                0x080059fd   Thumb Code   140  heap_4.o(.text)
    xPortGetFreeHeapSize                     0x08005a89   Thumb Code     6  heap_4.o(.text)
    xPortGetMinimumEverFreeHeapSize          0x08005a8f   Thumb Code     6  heap_4.o(.text)
    vPortInitialiseBlocks                    0x08005a95   Thumb Code     2  heap_4.o(.text)
    __aeabi_memcpy                           0x08005ab1   Thumb Code    36  memcpya.o(.text)
    __aeabi_memcpy4                          0x08005ab1   Thumb Code     0  memcpya.o(.text)
    __aeabi_memcpy8                          0x08005ab1   Thumb Code     0  memcpya.o(.text)
    __aeabi_memset                           0x08005ad5   Thumb Code    14  memseta.o(.text)
    __aeabi_memset4                          0x08005ad5   Thumb Code     0  memseta.o(.text)
    __aeabi_memset8                          0x08005ad5   Thumb Code     0  memseta.o(.text)
    __aeabi_memclr                           0x08005ae3   Thumb Code     4  memseta.o(.text)
    __aeabi_memclr4                          0x08005ae3   Thumb Code     0  memseta.o(.text)
    __aeabi_memclr8                          0x08005ae3   Thumb Code     0  memseta.o(.text)
    memset                                   0x08005ae7   Thumb Code    18  memseta.o(.text)
    strlen                                   0x08005af9   Thumb Code    14  strlen.o(.text)
    __aeabi_uidiv                            0x08005b07   Thumb Code     0  uidiv.o(.text)
    __aeabi_uidivmod                         0x08005b07   Thumb Code    44  uidiv.o(.text)
    __scatterload                            0x08005b35   Thumb Code    28  init.o(.text)
    __scatterload_rt2                        0x08005b35   Thumb Code     0  init.o(.text)
    __0sprintf$1                             0x08005b59   Thumb Code    34  printf1.o(i.__0sprintf$1)
    __1sprintf$1                             0x08005b59   Thumb Code     0  printf1.o(i.__0sprintf$1)
    __2sprintf                               0x08005b59   Thumb Code     0  printf1.o(i.__0sprintf$1)
    __scatterload_copy                       0x08005b81   Thumb Code    14  handlers.o(i.__scatterload_copy)
    __scatterload_null                       0x08005b8f   Thumb Code     2  handlers.o(i.__scatterload_null)
    __scatterload_zeroinit                   0x08005b91   Thumb Code    14  handlers.o(i.__scatterload_zeroinit)
    Region$$Table$$Base                      0x08005d00   Number         0  anon$$obj.o(Region$$Table)
    Region$$Table$$Limit                     0x08005d20   Number         0  anon$$obj.o(Region$$Table)
    StartTask_Handler                        0x20000000   Data           4  main.o(.data)
    LED0Task_Handler                         0x20000004   Data           4  main.o(.data)
    LED1Task_Handler                         0x20000008   Data           4  main.o(.data)
    LcdShow_Flag                             0x20000010   Data           1  time3.o(.data)
    UsartSend_Flag                           0x20000011   Data           1  time3.o(.data)
    ul_100usCnt                              0x20000014   Data           4  time3.o(.data)
    usUARTCounter                            0x20000018   Data           2  time3.o(.data)
    m_i16_NumFor10ms                         0x2000001a   Data           2  time3.o(.data)
    m_i16_NumFor20ms                         0x2000001c   Data           2  time3.o(.data)
    m_i16_NumFor40ms                         0x2000001e   Data           2  time3.o(.data)
    m_i16_NumFor100ms                        0x20000020   Data           2  time3.o(.data)
    m_i16_NumFor200ms                        0x20000022   Data           2  time3.o(.data)
    m_i16_NumFor250ms                        0x20000024   Data           2  time3.o(.data)
    m_i16_NumFor300ms                        0x20000026   Data           2  time3.o(.data)
    m_i16_NumFor500ms                        0x20000028   Data           2  time3.o(.data)
    m_i16_NumFor1s                           0x2000002a   Data           2  time3.o(.data)
    m_i16_NumFor5s                           0x2000002c   Data           2  time3.o(.data)
    m_i16_NumFor10s                          0x2000002e   Data           2  time3.o(.data)
    mytime                                   0x20000030   Data           3  time3.o(.data)
    System_time                              0x20000034   Data           2  time3.o(.data)
    DATA_STATUS_FLAG                         0x20000038   Data           4  usart.o(.data)
    ReceiveDataNum                           0x2000003c   Data           4  usart.o(.data)
    res                                      0x20000040   Data           1  usart.o(.data)
    SystemCoreClock                          0x20000054   Data           4  system_stm32f4xx.o(.data)
    AHBPrescTable                            0x20000058   Data          16  system_stm32f4xx.o(.data)
    pxCurrentTCB                             0x20000068   Data           4  tasks.o(.data)
    date_buff                                0x200000dc   Data          50  main.o(.bss)
    mytime_date                              0x2000010e   Data           9  time3.o(.bss)
    USART_BUFF                               0x20000117   Data         100  usart.o(.bss)
    xQueueRegistry                           0x2000017c   Data          64  queue.o(.bss)
    __initial_sp                             0x200132b0   Data           0  startup_stm32f4xx.o(STACK)



==============================================================================

Memory Map of the image

  Image Entry point : 0x08000189

  Load Region LR_IROM1 (Base: 0x08000000, Size: 0x00005dfc, Max: 0x00080000, ABSOLUTE)

    Execution Region ER_IROM1 (Base: 0x08000000, Size: 0x00005d20, Max: 0x00080000, ABSOLUTE)

    Base Addr    Size         Type   Attr      Idx    E Section Name        Object

    0x08000000   0x00000188   Data   RO            3    RESET               startup_stm32f4xx.o
    0x08000188   0x00000000   Code   RO          713  * .ARM.Collect$$$$00000000  mc_w.l(entry.o)
    0x08000188   0x00000004   Code   RO          987    .ARM.Collect$$$$00000001  mc_w.l(entry2.o)
    0x0800018c   0x00000004   Code   RO          990    .ARM.Collect$$$$00000004  mc_w.l(entry5.o)
    0x08000190   0x00000000   Code   RO          992    .ARM.Collect$$$$00000008  mc_w.l(entry7b.o)
    0x08000190   0x00000000   Code   RO          994    .ARM.Collect$$$$0000000A  mc_w.l(entry8b.o)
    0x08000190   0x00000008   Code   RO          995    .ARM.Collect$$$$0000000B  mc_w.l(entry9a.o)
    0x08000198   0x00000000   Code   RO          997    .ARM.Collect$$$$0000000D  mc_w.l(entry10a.o)
    0x08000198   0x00000000   Code   RO          999    .ARM.Collect$$$$0000000F  mc_w.l(entry11a.o)
    0x08000198   0x00000004   Code   RO          988    .ARM.Collect$$$$00002712  mc_w.l(entry2.o)
    0x0800019c   0x000000be   Code   RO          668    .emb_text           port.o
    0x0800025a   0x00000002   PAD
    0x0800025c   0x00000024   Code   RO            4    .text               startup_stm32f4xx.o
    0x08000280   0x00000178   Code   RO           12    .text               main.o
    0x080003f8   0x000000ec   Code   RO          194    .text               delay.o
    0x080004e4   0x00000398   Code   RO          246    .text               time3.o
    0x0800087c   0x00000034   Code   RO          293    .text               led.o
    0x080008b0   0x00000240   Code   RO          313    .text               usart.o
    0x08000af0   0x0000025c   Code   RO          341    .text               stm32f4xx_gpio.o
    0x08000d4c   0x00000588   Code   RO          361    .text               stm32f4xx_rcc.o
    0x080012d4   0x00000014   Code   RO          383    .text               stm32f4xx_it.o
    0x080012e8   0x000000e4   Code   RO          406    .text               misc.o
    0x080013cc   0x00000ca2   Code   RO          426    .text               stm32f4xx_tim.o
    0x0800206e   0x00000002   PAD
    0x08002070   0x0000041a   Code   RO          466    .text               stm32f4xx_usart.o
    0x0800248a   0x00000002   PAD
    0x0800248c   0x0000020c   Code   RO          486    .text               system_stm32f4xx.o
    0x08002698   0x00000094   Code   RO          562    .text               list.o
    0x0800272c   0x00000ef0   Code   RO          577    .text               queue.o
    0x0800361c   0x000018d0   Code   RO          622    .text               tasks.o
    0x08004eec   0x000005e4   Code   RO          641    .text               timers.o
    0x080054d0   0x00000344   Code   RO          669    .text               port.o
    0x08005814   0x0000029c   Code   RO          698    .text               heap_4.o
    0x08005ab0   0x00000024   Code   RO          716    .text               mc_w.l(memcpya.o)
    0x08005ad4   0x00000024   Code   RO          720    .text               mc_w.l(memseta.o)
    0x08005af8   0x0000000e   Code   RO          722    .text               mc_w.l(strlen.o)
    0x08005b06   0x0000002c   Code   RO         1004    .text               mc_w.l(uidiv.o)
    0x08005b32   0x00000002   PAD
    0x08005b34   0x00000024   Code   RO         1019    .text               mc_w.l(init.o)
    0x08005b58   0x00000028   Code   RO          773    i.__0sprintf$1      mc_w.l(printf1.o)
    0x08005b80   0x0000000e   Code   RO         1033    i.__scatterload_copy  mc_w.l(handlers.o)
    0x08005b8e   0x00000002   Code   RO         1034    i.__scatterload_null  mc_w.l(handlers.o)
    0x08005b90   0x0000000e   Code   RO         1035    i.__scatterload_zeroinit  mc_w.l(handlers.o)
    0x08005b9e   0x00000002   PAD
    0x08005ba0   0x00000154   Code   RO          778    i._printf_core      mc_w.l(printf1.o)
    0x08005cf4   0x0000000a   Code   RO          780    i._sputc            mc_w.l(printf1.o)
    0x08005cfe   0x00000002   PAD
    0x08005d00   0x00000020   Data   RO         1031    Region$$Table       anon$$obj.o


    Execution Region RW_IRAM1 (Base: 0x20000000, Size: 0x000132b0, Max: 0x00020000, ABSOLUTE)

    Base Addr    Size         Type   Attr      Idx    E Section Name        Object

    0x20000000   0x0000000c   Data   RW           14    .data               main.o
    0x2000000c   0x00000004   Data   RW          195    .data               delay.o
    0x20000010   0x00000026   Data   RW          248    .data               time3.o
    0x20000036   0x00000002   PAD
    0x20000038   0x0000000a   Data   RW          315    .data               usart.o
    0x20000042   0x00000010   Data   RW          362    .data               stm32f4xx_rcc.o
    0x20000052   0x00000002   PAD
    0x20000054   0x00000014   Data   RW          487    .data               system_stm32f4xx.o
    0x20000068   0x0000003c   Data   RW          624    .data               tasks.o
    0x200000a4   0x00000014   Data   RW          643    .data               timers.o
    0x200000b8   0x0000000c   Data   RW          670    .data               port.o
    0x200000c4   0x00000018   Data   RW          700    .data               heap_4.o
    0x200000dc   0x00000032   Zero   RW           13    .bss                main.o
    0x2000010e   0x00000009   Zero   RW          247    .bss                time3.o
    0x20000117   0x00000064   Zero   RW          314    .bss                usart.o
    0x2000017b   0x00000001   PAD
    0x2000017c   0x00000040   Zero   RW          578    .bss                queue.o
    0x200001bc   0x000000c8   Zero   RW          623    .bss                tasks.o
    0x20000284   0x00000028   Zero   RW          642    .bss                timers.o
    0x200002ac   0x00012c00   Zero   RW          699    .bss                heap_4.o
    0x20012eac   0x00000004   PAD
    0x20012eb0   0x00000400   Zero   RW            1    STACK               startup_stm32f4xx.o


==============================================================================

Image component sizes


      Code (inc. data)   RO Data    RW Data    ZI Data      Debug   Object Name

       236         10          0          4          0       1577   delay.o
         0          0          0          0          0      11572   event_groups.o
       668         26          0         24      76800       3684   heap_4.o
        52          4          0          0          0        481   led.o
       148          0          0          0          0       1906   list.o
       376        112          0         12         50     290518   main.o
       228         22          0          0          0       1937   misc.o
      1026         52          0         12          0       8803   port.o
      3824         18          0          0         64      20184   queue.o
        36          8        392          0       1024        908   startup_stm32f4xx.o
       604         36          0          0          0       4157   stm32f4xx_gpio.o
        20          0          0          0          0       1007   stm32f4xx_it.o
      1416         48          0         16          0      11051   stm32f4xx_rcc.o
      3234         60          0          0          0      22396   stm32f4xx_tim.o
      1050         26          0          0          0       7868   stm32f4xx_usart.o
       524         44          0         20          0       2091   system_stm32f4xx.o
      6352        338          0         60        200      26067   tasks.o
       920         70          0         38          9       3222   time3.o
      1508         66          0         20         40      16754   timers.o
       576         28          0         10        100       2027   usart.o

    ----------------------------------------------------------------------
     22804        968        424        220      78292     438210   Object Totals
         0          0         32          0          0          0   (incl. Generated)
         6          0          0          4          5          0   (incl. Padding)

    ----------------------------------------------------------------------

      Code (inc. data)   RO Data    RW Data    ZI Data      Debug   Library Member Name

         0          0          0          0          0          0   entry.o
         0          0          0          0          0          0   entry10a.o
         0          0          0          0          0          0   entry11a.o
         8          4          0          0          0          0   entry2.o
         4          0          0          0          0          0   entry5.o
         0          0          0          0          0          0   entry7b.o
         0          0          0          0          0          0   entry8b.o
         8          4          0          0          0          0   entry9a.o
        30          0          0          0          0          0   handlers.o
        36          8          0          0          0         68   init.o
        36          0          0          0          0         68   memcpya.o
        36          0          0          0          0        108   memseta.o
       390         12          0          0          0        248   printf1.o
        14          0          0          0          0         68   strlen.o
        44          0          0          0          0         80   uidiv.o

    ----------------------------------------------------------------------
       612         28          0          0          0        640   Library Totals
         6          0          0          0          0          0   (incl. Padding)

    ----------------------------------------------------------------------

      Code (inc. data)   RO Data    RW Data    ZI Data      Debug   Library Name

       606         28          0          0          0        640   mc_w.l

    ----------------------------------------------------------------------
       612         28          0          0          0        640   Library Totals

    ----------------------------------------------------------------------

==============================================================================


      Code (inc. data)   RO Data    RW Data    ZI Data      Debug   

     23416        996        424        220      78292     434342   Grand Totals
     23416        996        424        220      78292     434342   ELF Image Totals
     23416        996        424        220          0          0   ROM Totals

==============================================================================

    Total RO  Size (Code + RO Data)                23840 (  23.28kB)
    Total RW  Size (RW Data + ZI Data)             78512 (  76.67kB)
    Total ROM Size (Code + RO Data + RW Data)      24060 (  23.50kB)

==============================================================================

