<html>
<body>
<pre>
<h1>礦ision Build Log</h1>
<h2>Project:</h2>
F:\工作文件\个人资料\FreeRTOS_Project_test\project\project.uvproj
Project File Date:  06/25/2018

<h2>Output:</h2>
Build target 'Target 1'
linking...
Program Size: Code=23416 RO-data=424 RW-data=220 ZI-data=78292  
FromELF: creating hex file...
After Build - User command #1: fromelf --bin --output .\bin\FreeRTOS_test_20180611.bin ..\output\Project.axf
"..\output\Project.axf" - 0 Errors, 0 Warning(s).
Load "..\\output\\Project.axf" 
Load "..\\output\\Project.axf" 
Erase Done.
Programming Done.
Verify OK.
Build target 'Target 1'
linking...
Program Size: Code=23416 RO-data=424 RW-data=220 ZI-data=78292  
FromELF: creating hex file...
After Build - User command #1: fromelf --bin --output .\bin\FreeRTOS_test_20180611.bin ..\output\Project.axf
"..\output\Project.axf" - 0 Errors, 0 Warning(s).
Load "..\\output\\Project.axf" 
Erase Done.
Programming Done.
Verify OK.
Build target 'Target 1'
compiling main.c...
..\user\main.c(70): warning:  #188-D: enumerated type mixed with another type
..\user\main.c(72): warning:  #223-D: function "sprintf" declared implicitly
..\user\main.c(90): warning:  #188-D: enumerated type mixed with another type
..\user\main.c(92): warning:  #223-D: function "sprintf" declared implicitly
linking...
Program Size: Code=23416 RO-data=424 RW-data=220 ZI-data=78292  
FromELF: creating hex file...
After Build - User command #1: fromelf --bin --output .\bin\FreeRTOS_test_20180611.bin ..\output\Project.axf
"..\output\Project.axf" - 0 Errors, 4 Warning(s).
Build target 'Target 1'
linking...
Program Size: Code=23416 RO-data=424 RW-data=220 ZI-data=78292  
FromELF: creating hex file...
After Build - User command #1: fromelf --bin --output .\bin\FreeRTOS_test_20180611.bin ..\output\Project.axf
"..\output\Project.axf" - 0 Errors, 0 Warning(s).
Build target 'Target 1'
linking...
Program Size: Code=23416 RO-data=424 RW-data=220 ZI-data=78292  
FromELF: creating hex file...
After Build - User command #1: fromelf --bin --output .\bin\FreeRTOS_test_20180611.bin ..\output\Project.axf
"..\output\Project.axf" - 0 Errors, 0 Warning(s).
Load "..\\output\\Project.axf" 
Erase Done.
Programming Done.
Verify OK.
Build target 'Target 1'
compiling main.c...
..\user\main.c(70): warning:  #188-D: enumerated type mixed with another type
..\user\main.c(72): warning:  #223-D: function "sprintf" declared implicitly
..\user\main.c(90): warning:  #188-D: enumerated type mixed with another type
..\user\main.c(92): warning:  #223-D: function "sprintf" declared implicitly
linking...
Program Size: Code=23416 RO-data=424 RW-data=220 ZI-data=78292  
FromELF: creating hex file...
After Build - User command #1: fromelf --bin --output .\bin\FreeRTOS_test_20180611.bin ..\output\Project.axf
"..\output\Project.axf" - 0 Errors, 4 Warning(s).
Load "..\\output\\Project.axf" 
Erase Done.
Programming Done.
Verify OK.
Build target 'Target 1'
compiling main.c...
..\user\main.c(70): warning:  #188-D: enumerated type mixed with another type
..\user\main.c(72): warning:  #223-D: function "sprintf" declared implicitly
..\user\main.c(90): warning:  #188-D: enumerated type mixed with another type
..\user\main.c(92): warning:  #223-D: function "sprintf" declared implicitly
linking...
Program Size: Code=23416 RO-data=424 RW-data=220 ZI-data=78292  
FromELF: creating hex file...
After Build - User command #1: fromelf --bin --output .\bin\FreeRTOS_test_20180611.bin ..\output\Project.axf
"..\output\Project.axf" - 0 Errors, 4 Warning(s).
Build target 'Target 1'
linking...
Program Size: Code=23416 RO-data=424 RW-data=220 ZI-data=78292  
FromELF: creating hex file...
After Build - User command #1: fromelf --bin --output .\bin\FreeRTOS_test_20180611.bin ..\output\Project.axf
"..\output\Project.axf" - 0 Errors, 0 Warning(s).
Build target 'Target 1'
compiling main.c...
..\user\main.c(70): warning:  #188-D: enumerated type mixed with another type
..\user\main.c(72): warning:  #223-D: function "sprintf" declared implicitly
..\user\main.c(90): warning:  #188-D: enumerated type mixed with another type
..\user\main.c(92): warning:  #223-D: function "sprintf" declared implicitly
linking...
Program Size: Code=23416 RO-data=424 RW-data=220 ZI-data=78292  
FromELF: creating hex file...
After Build - User command #1: fromelf --bin --output .\bin\FreeRTOS_test_20180611.bin ..\output\Project.axf
"..\output\Project.axf" - 0 Errors, 4 Warning(s).
Build target 'Target 1'
compiling main.c...
..\user\main.c(70): warning:  #188-D: enumerated type mixed with another type
..\user\main.c(72): warning:  #223-D: function "sprintf" declared implicitly
..\user\main.c(90): warning:  #188-D: enumerated type mixed with another type
..\user\main.c(92): warning:  #223-D: function "sprintf" declared implicitly
linking...
Program Size: Code=23416 RO-data=424 RW-data=220 ZI-data=78292  
FromELF: creating hex file...
After Build - User command #1: fromelf --bin --output .\bin\FreeRTOS_test_20180611.bin ..\output\Project.axf
"..\output\Project.axf" - 0 Errors, 4 Warning(s).
